Archive member included because of file (symbol)

contiki-sky.a(servreg-hack.o)
                              unicast-sender.co (servreg_hack_init)
contiki-sky.a(contiki-sky-pla)
                              obj_sky/contiki-sky-main.o (init_platform)
contiki-sky.a(button-sensor.o)
                              contiki-sky.a(contiki-sky-pla) (button_sensor)
contiki-sky.a(ds2411.o)       obj_sky/contiki-sky-main.o (ds2411_init)
contiki-sky.a(xmem.o)         obj_sky/contiki-sky-main.o (xmem_init)
contiki-sky.a(node-id.o)      obj_sky/contiki-sky-main.o (node_id_restore)
contiki-sky.a(sensors.o)      contiki-sky.a(button-sensor.o) (sensors_changed)
contiki-sky.a(cc2420.o)       obj_sky/contiki-sky-main.o (cc2420_set_pan_addr)
contiki-sky.a(cc2420-arch.o)  contiki-sky.a(cc2420.o) (cc2420_arch_init)
contiki-sky.a(uart1.o)        obj_sky/contiki-sky-main.o (uart1_active)
contiki-sky.a(uart1-putchar.o)
                              unicast-sender.co (putchar)
contiki-sky.a(msp430.o)       contiki-sky.a(uart1.o) (msp430_add_lpm_req)
contiki-sky.a(clock.o)        obj_sky/contiki-sky-main.o (clock_init)
contiki-sky.a(leds.o)         obj_sky/contiki-sky-main.o (leds_init)
contiki-sky.a(leds-arch.o)    contiki-sky.a(leds.o) (leds_arch_init)
contiki-sky.a(watchdog.o)     obj_sky/contiki-sky-main.o (watchdog_start)
contiki-sky.a(rtimer-arch.o)  obj_sky/contiki-sky-main.o (rtimer_arch_now)
contiki-sky.a(autostart.o)    obj_sky/contiki-sky-main.o (autostart_start)
contiki-sky.a(ctimer.o)       obj_sky/contiki-sky-main.o (ctimer_init)
contiki-sky.a(energest.o)     obj_sky/contiki-sky-main.o (energest_init)
contiki-sky.a(etimer.o)       contiki-sky.a(clock.o) (etimer_request_poll)
contiki-sky.a(process.o)      contiki-sky.a(servreg-hack.o) (process_current)
contiki-sky.a(rtimer.o)       obj_sky/contiki-sky-main.o (rtimer_init)
contiki-sky.a(timer.o)        obj_sky/contiki-sky-main.o (timer_set)
contiki-sky.a(list.o)         contiki-sky.a(servreg-hack.o) (list_init)
contiki-sky.a(memb.o)         contiki-sky.a(servreg-hack.o) (memb_init)
contiki-sky.a(random.o)       obj_sky/contiki-sky-main.o (random_init)
contiki-sky.a(sicslowpan.o)   obj_sky/contiki-sky-main.o (sicslowpan_driver)
contiki-sky.a(uip6.o)         contiki-sky.a(sicslowpan.o) (uip_aligned_buf)
contiki-sky.a(uip-ds6.o)      contiki-sky.a(uip6.o) (uip_ds6_is_addr_onlink)
contiki-sky.a(uip-ds6-nbr.o)  contiki-sky.a(uip-ds6.o) (uip_ds6_neighbors_init)
contiki-sky.a(uip-ds6-route.o)
                              contiki-sky.a(uip-ds6.o) (uip_ds6_route_init)
contiki-sky.a(uip-icmp6.o)    contiki-sky.a(uip6.o) (uip_icmp6_input)
contiki-sky.a(uip-nd6.o)      contiki-sky.a(uip6.o) (uip_nd6_init)
contiki-sky.a(csma.o)         obj_sky/contiki-sky-main.o (csma_driver)
contiki-sky.a(framer-802154.o)
                              contiki-sky.a(sicslowpan.o) (framer_802154)
contiki-sky.a(mac.o)          contiki-sky.a(csma.o) (mac_call_sent_callback)
contiki-sky.a(linkaddr.o)     obj_sky/contiki-sky-main.o (linkaddr_copy)
contiki-sky.a(nbr-table.o)    contiki-sky.a(uip-ds6-nbr.o) (nbr_table_register)
contiki-sky.a(packetbuf.o)    contiki-sky.a(framer-802154.o) (packetbuf_hdrreduce)
contiki-sky.a(queuebuf.o)     obj_sky/contiki-sky-main.o (queuebuf_init)
contiki-sky.a(simple-udp.o)   unicast-sender.co (simple_udp_sendto)
contiki-sky.a(tcpip.o)        contiki-sky.a(sicslowpan.o) (tcpip_set_outputfunc)
contiki-sky.a(uip-debug.o)    unicast-sender.co (uip_debug_ipaddr_print)
contiki-sky.a(uip-udp-packet.)
                              contiki-sky.a(servreg-hack.o) (uip_udp_packet_send)
contiki-sky.a(rpl.o)          contiki-sky.a(uip-ds6-nbr.o) (rpl_link_neighbor_callback)
contiki-sky.a(rpl-dag.o)      contiki-sky.a(rpl.o) (rpl_dag_init)
contiki-sky.a(rpl-ext-header.)
                              contiki-sky.a(uip6.o) (rpl_verify_header)
contiki-sky.a(rpl-icmp6.o)    contiki-sky.a(rpl.o) (dao_output_target)
contiki-sky.a(rpl-mrhof.o)    contiki-sky.a(rpl.o) (rpl_mrhof)
contiki-sky.a(rpl-timers.o)   contiki-sky.a(rpl.o) (rpl_reset_periodic_timer)
contiki-sky.a(contikimac.o)   obj_sky/contiki-sky-main.o (contikimac_driver)
contiki-sky.a(spi.o)          contiki-sky.a(xmem.o) (spi_init)
contiki-sky.a(compower.o)     contiki-sky.a(contikimac.o) (compower_idle_activity)
contiki-sky.a(stimer.o)       contiki-sky.a(uip-ds6.o) (stimer_set)
contiki-sky.a(frame802154.o)  contiki-sky.a(framer-802154.o) (frame802154_hdrlen)
contiki-sky.a(mac-sequence.o)
                              contiki-sky.a(contikimac.o) (mac_sequence_is_duplicate)
contiki-sky.a(phase.o)        contiki-sky.a(contikimac.o) (phase_update)
/usr/local/msp430/bin/../lib/gcc/msp430/4.7.0/mmpy-16/libgcc.a(_mulsi3.o)
                              contiki-sky.a(csma.o) (__mulsi3)
/usr/local/msp430/bin/../lib/gcc/msp430/4.7.0/mmpy-16/libgcc.a(_udivmod16.o)
                              contiki-sky.a(rpl-dag.o) (__udivhi3)
/usr/local/msp430/bin/../lib/gcc/msp430/4.7.0/mmpy-16/libgcc.a(_divmod16.o)
[...]
Memory Configuration

Name             Origin             Length             Attributes
sfr              0x00000000         0x00000010
peripheral_8bit  0x00000010         0x000000f0
peripheral_16bit 0x00000100         0x00000100
ram_mirror       0x00000200         0x00000800         xw
infomem          0x00001000         0x00000100
infob            0x00001000         0x00000080
infoa            0x00001080         0x00000080
ram              0x00001100         0x00002800         xw
rom              0x00004000         0x0000bfe0         xr
vectors          0x0000ffe0         0x00000020
bsl              0x00000000         0x00000000
infoc            0x00000000         0x00000000
infod            0x00000000         0x00000000
ram2             0x00000000         0x00000000         xw
usbram           0x00000000         0x00000000         xw
far_rom          0x00000000         0x00000000
*default*        0x00000000         0xffffffff

Linker script and memory map

LOAD /usr/local/msp430/bin/../lib/gcc/msp430/4.7.0/mmpy-16/crt0ivtbl16.o
LOAD unicast-sender.co
LOAD obj_sky/contiki-sky-main.o
LOAD contiki-sky.a
LOAD /usr/local/msp430/bin/../lib/gcc/msp430/4.7.0/mmpy-16/libgcc.a
LOAD /usr/local/msp430/bin/../lib/gcc/msp430/4.7.0/../../../../msp430/lib/mmpy-16/libc.a
LOAD /usr/local/msp430/bin/../lib/gcc/msp430/4.7.0/mmpy-16/libgcc.a
LOAD /usr/local/msp430/bin/../lib/gcc/msp430/4.7.0/mmpy-16/libcrt0.a
                0x00000080                PROVIDE (__info_segment_size, 0x80)
                0x00001000                PROVIDE (__infob, 0x1000)
                0x00001080                PROVIDE (__infoa, 0x1080)
                0x00000000                __IE1 = 0x0
                0x00000002                __IFG1 = 0x2
                0x00000004                __ME1 = 0x4
                0x00000001                __IE2 = 0x1
                0x00000003                __IFG2 = 0x3
                0x00000005                __ME2 = 0x5
                0x00000120                __WDTCTL = 0x120
                0x00000130                __MPY = 0x130
                0x00000132                __MPYS = 0x132
                0x00000134                __MAC = 0x134
                0x00000136                __MACS = 0x136
                0x00000138                __OP2 = 0x138
                0x0000013a                __RESLO = 0x13a
                0x0000013c                __RESHI = 0x13c
                0x0000013e                __SUMEXT = 0x13e
                0x00000020                __P1IN = 0x20
                0x00000021                __P1OUT = 0x21
                0x00000022                __P1DIR = 0x22
                0x00000023                __P1IFG = 0x23
                0x00000024                __P1IES = 0x24
                0x00000025                __P1IE = 0x25
                0x00000026                __P1SEL = 0x26
                0x00000028                __P2IN = 0x28
                0x00000029                __P2OUT = 0x29
                0x0000002a                __P2DIR = 0x2a
                0x0000002b                __P2IFG = 0x2b
                0x0000002c                __P2IES = 0x2c
                0x0000002d                __P2IE = 0x2d
                0x0000002e                __P2SEL = 0x2e
                0x00000018                __P3IN = 0x18
                0x00000019                __P3OUT = 0x19
                0x0000001a                __P3DIR = 0x1a
                0x0000001b                __P3SEL = 0x1b
                0x0000001c                __P4IN = 0x1c
                0x0000001d                __P4OUT = 0x1d
                0x0000001e                __P4DIR = 0x1e
                0x0000001f                __P4SEL = 0x1f
                0x00000030                __P5IN = 0x30
                0x00000031                __P5OUT = 0x31
                0x00000032                __P5DIR = 0x32
                0x00000033                __P5SEL = 0x33
                0x00000034                __P6IN = 0x34
                0x00000035                __P6OUT = 0x35
                0x00000036                __P6DIR = 0x36
                0x00000037                __P6SEL = 0x37
                0x00000070                __U0CTL = 0x70
                0x00000071                __U0TCTL = 0x71
                0x00000072                __U0RCTL = 0x72
                0x00000073                __U0MCTL = 0x73
                0x00000074                __U0BR0 = 0x74
                0x00000075                __U0BR1 = 0x75
                0x00000076                __U0RXBUF = 0x76
                0x00000077                __U0TXBUF = 0x77
                0x00000078                __U1CTL = 0x78
                0x00000079                __U1TCTL = 0x79
                0x0000007a                __U1RCTL = 0x7a
                0x0000007b                __U1MCTL = 0x7b
                0x0000007c                __U1BR0 = 0x7c
                0x0000007d                __U1BR1 = 0x7d
                0x0000007e                __U1RXBUF = 0x7e
                0x0000007f                __U1TXBUF = 0x7f
                0x00000050                __I2CIE = 0x50
                0x00000051                __I2CIFG = 0x51
                0x00000052                __I2CNDAT = 0x52
                0x00000071                __I2CTCTL = 0x71
                0x00000072                __I2CDCTL = 0x72
                0x00000073                __I2CPSC = 0x73
                0x00000074                __I2CSCLH = 0x74
                0x00000075                __I2CSCLL = 0x75
                0x00000076                __I2CDRB = 0x76
                0x00000076                __I2CDRW = 0x76
                0x00000118                __I2COA = 0x118
                0x0000011a                __I2CSA = 0x11a
                0x0000011c                __I2CIV = 0x11c
                0x0000012e                __TAIV = 0x12e
                0x00000160                __TACTL = 0x160
                0x00000162                __TACCTL0 = 0x162
                0x00000164                __TACCTL1 = 0x164
                0x00000166                __TACCTL2 = 0x166
                0x00000170                __TAR = 0x170
                0x00000172                __TACCR0 = 0x172
                0x00000174                __TACCR1 = 0x174
                0x00000176                __TACCR2 = 0x176
                0x0000011e                __TBIV = 0x11e
                0x00000180                __TBCTL = 0x180
                0x00000182                __TBCCTL0 = 0x182
                0x00000184                __TBCCTL1 = 0x184
                0x00000186                __TBCCTL2 = 0x186
                0x00000188                __TBCCTL3 = 0x188
                0x0000018a                __TBCCTL4 = 0x18a
                0x0000018c                __TBCCTL5 = 0x18c
                0x0000018e                __TBCCTL6 = 0x18e
                0x00000190                __TBR = 0x190
                0x00000192                __TBCCR0 = 0x192
                0x00000194                __TBCCR1 = 0x194
                0x00000196                __TBCCR2 = 0x196
                0x00000198                __TBCCR3 = 0x198
                0x0000019a                __TBCCR4 = 0x19a
                0x0000019c                __TBCCR5 = 0x19c
                0x0000019e                __TBCCR6 = 0x19e
                0x00000056                __DCOCTL = 0x56
                0x00000057                __BCSCTL1 = 0x57
                0x00000058                __BCSCTL2 = 0x58
                0x00000055                __SVSCTL = 0x55
                0x00000128                __FCTL1 = 0x128
                0x0000012a                __FCTL2 = 0x12a
                0x0000012c                __FCTL3 = 0x12c
                0x00000059                __CACTL1 = 0x59
                0x0000005a                __CACTL2 = 0x5a
                0x0000005b                __CAPD = 0x5b
                0x000001a0                __ADC12CTL0 = 0x1a0
                0x000001a2                __ADC12CTL1 = 0x1a2
                0x000001a4                __ADC12IFG = 0x1a4
                0x000001a6                __ADC12IE = 0x1a6
                0x000001a8                __ADC12IV = 0x1a8
                0x00000140                __ADC12MEM0 = 0x140
                0x00000142                __ADC12MEM1 = 0x142
                0x00000144                __ADC12MEM2 = 0x144
                0x00000146                __ADC12MEM3 = 0x146
                0x00000148                __ADC12MEM4 = 0x148
                0x0000014a                __ADC12MEM5 = 0x14a
                0x0000014c                __ADC12MEM6 = 0x14c
                0x0000014e                __ADC12MEM7 = 0x14e
                0x00000150                __ADC12MEM8 = 0x150
                0x00000152                __ADC12MEM9 = 0x152
                0x00000154                __ADC12MEM10 = 0x154
                0x00000156                __ADC12MEM11 = 0x156
                0x00000158                __ADC12MEM12 = 0x158
                0x0000015a                __ADC12MEM13 = 0x15a
                0x0000015c                __ADC12MEM14 = 0x15c
                0x0000015e                __ADC12MEM15 = 0x15e
                0x00000080                __ADC12MCTL0 = 0x80
                0x00000081                __ADC12MCTL1 = 0x81
                0x00000082                __ADC12MCTL2 = 0x82
                0x00000083                __ADC12MCTL3 = 0x83
                0x00000084                __ADC12MCTL4 = 0x84
                0x00000085                __ADC12MCTL5 = 0x85
                0x00000086                __ADC12MCTL6 = 0x86
                0x00000087                __ADC12MCTL7 = 0x87
                0x00000088                __ADC12MCTL8 = 0x88
                0x00000089                __ADC12MCTL9 = 0x89
                0x0000008a                __ADC12MCTL10 = 0x8a
                0x0000008b                __ADC12MCTL11 = 0x8b
                0x0000008c                __ADC12MCTL12 = 0x8c
                0x0000008d                __ADC12MCTL13 = 0x8d
                0x0000008e                __ADC12MCTL14 = 0x8e
                0x0000008f                __ADC12MCTL15 = 0x8f
                0x000001c0                __DAC12_0CTL = 0x1c0
                0x000001c2                __DAC12_1CTL = 0x1c2
                0x000001c8                __DAC12_0DAT = 0x1c8
                0x000001ca                __DAC12_1DAT = 0x1ca
                0x00000122                __DMACTL0 = 0x122
                0x00000124                __DMACTL1 = 0x124
                0x000001e0                __DMA0CTL = 0x1e0
                0x000001e8                __DMA1CTL = 0x1e8
                0x000001f0                __DMA2CTL = 0x1f0
                0x000001e2                __DMA0SA = 0x1e2
                0x000001e4                __DMA0DA = 0x1e4
                0x000001e6                __DMA0SZ = 0x1e6
                0x000001ea                __DMA1SA = 0x1ea
                0x000001ec                __DMA1DA = 0x1ec
                0x000001ee                __DMA1SZ = 0x1ee
                0x000001f2                __DMA2SA = 0x1f2
                0x000001f4                __DMA2DA = 0x1f4
                0x000001f6                __DMA2SZ = 0x1f6

.hash
 *(.hash)

.dynsym
 *(.dynsym)

.dynstr
 *(.dynstr)

.gnu.version
 *(.gnu.version)

.gnu.version_d
 *(.gnu.version_d)

.gnu.version_r
 *(.gnu.version_r)

.rel.init
 *(.rel.init)

.rela.init
 *(.rela.init)

.rel.fini
 *(.rel.fini)

.rela.fini
 *(.rela.fini)

.rel.text
 *(.rel.text .rel.text.* .rel.gnu.linkonce.t.*)

.rela.text
 *(.rela.text .rela.text.* .rela.gnu.linkonce.t.*)

.rel.rodata
 *(.rel.rodata .rel.rodata.* .rel.gnu.linkonce.r.*)

.rela.rodata
 *(.rela.rodata .rela.rodata.* .rela.gnu.linkonce.r.*)

.rel.data
 *(.rel.data .rel.data.* .rel.gnu.linkonce.d.*)

.rela.data
 *(.rela.data .rela.data.* .rela.gnu.linkonce.d.*)

.rel.bss
 *(.rel.bss .rel.bss.* .rel.gnu.linkonce.b.*)

.rela.bss
 *(.rela.bss .rela.bss.* .rela.gnu.linkonce.b.*)

.rel.ctors
 *(.rel.ctors)

.rela.ctors
 *(.rela.ctors)

.rel.dtors
 *(.rel.dtors)

.rela.dtors
 *(.rela.dtors)

.rel.got
 *(.rel.got)

.rela.got
 *(.rela.got)

.rel.plt
 *(.rel.plt)

.rela.plt
 *(.rela.plt)

.text           0x00004000     0xaa8a
                0x00004000                . = ALIGN (0x2)
 *(.init .init.*)
 *(.init0)
 .init0         0x00004000        0x0 /usr/local/msp430/bin/../lib/gcc/msp430/4.7.0/mmpy-16/libcrt0.a(_reset_vector__.o)
                0x00004000                _reset_vector__
 *(.init1)
 .init1         0x00004000        0xc /usr/local/msp430/bin/../lib/gcc/msp430/4.7.0/mmpy-16/libcrt0.a(__watchdog_support.o)
                0x00004000                __watchdog_support
 *(.init2)
 .init2         0x0000400c        0x4 /usr/local/msp430/bin/../lib/gcc/msp430/4.7.0/mmpy-16/libcrt0.a(__init_stack.o)
                0x0000400c                __init_stack
 *(.init3)
 .init3         0x00004010        0x0 /usr/local/msp430/bin/../lib/gcc/msp430/4.7.0/mmpy-16/libcrt0.a(__low_level_init.o)
                0x00004010                __low_level_init
 *(.init4)
 .init4         0x00004010       0x18 /usr/local/msp430/bin/../lib/gcc/msp430/4.7.0/mmpy-16/libcrt0.a(_copy_data.o)
                0x00004010                __do_copy_data
 .init4         0x00004028       0x16 /usr/local/msp430/bin/../lib/gcc/msp430/4.7.0/mmpy-16/libcrt0.a(_clear_bss.o)
                0x00004028                __do_clear_bss
 *(.init5)
 *(.init6)
 *(.init7)
 *(.init8)
 *(.init9)
 .init9         0x0000403e      0x35e obj_sky/contiki-sky-main.o
                0x0000403e                main
 *(.fini9)
 .fini9         0x0000439c        0x0 /usr/local/msp430/bin/../lib/gcc/msp430/4.7.0/mmpy-16/libcrt0.a(__stop_progExec__.o)
                0x0000439c                __stop_progExec__
 *(.fini8)
 *(.fini7)
 *(.fini6)
 *(.fini5)
 *(.fini4)
 *(.fini3)
 *(.fini2)
 *(.fini1)
 *(.fini0)
 .fini0         0x0000439c        0x6 /usr/local/msp430/bin/../lib/gcc/msp430/4.7.0/mmpy-16/libcrt0.a(_endless_loop__.o)
                0x0000439c                _endless_loop__
 *(.fini .fini.*)
                0x000043a2                . = ALIGN (0x2)
                0x000043a2                __ctors_start = .
 *(.ctors)
                0x000043a2                __ctors_end = .
                0x000043a2                __dtors_start = .
 *(.dtors)
                0x000043a2                __dtors_end = .
                0x000043a2                . = ALIGN (0x2)
 *(.text .text.* .gnu.linkonce.t.*)
 .text          0x000043a2        0x4 /usr/local/msp430/bin/../lib/gcc/msp430/4.7.0/mmpy-16/crt0ivtbl16.o
                0x000043a2                __isr_14
                0x000043a2                __isr_11
                0x000043a2                __isr_2
                0x000043a2                __isr_7
                0x000043a2                __isr_0
                0x000043a2                __isr_8
                0x000043a2                __isr_3
                0x000043a2                __isr_12
                0x000043a2                __isr_13
                0x000043a2                __isr_9
 .text.receiver
                0x000043a6       0x16 unicast-sender.co
 .text.process_thread_unicast_sender_process
                0x000043bc      0x1c0 unicast-sender.co
 .text.purge_registrations
                0x0000457c       0x7e contiki-sky.a(servreg-hack.o)
 .text.servreg_hack_init
                0x000045fa       0x2e contiki-sky.a(servreg-hack.o)
                0x000045fa                servreg_hack_init
 .text.servreg_hack_list_head
                0x00004628        0xe contiki-sky.a(servreg-hack.o)
                0x00004628                servreg_hack_list_head
 .text.process_thread_servreg_hack_process
                0x00004636      0x232 contiki-sky.a(servreg-hack.o)
 .text.servreg_hack_lookup
                0x00004868       0x2a contiki-sky.a(servreg-hack.o)
                0x00004868                servreg_hack_lookup
 .text.init_platform
                0x00004892        0xc contiki-sky.a(contiki-sky-pla)
                0x00004892                init_platform
 .text.status   0x0000489e       0x18 contiki-sky.a(button-sensor.o)
 .text.value    0x000048b6       0x20 contiki-sky.a(button-sensor.o)
 .text.configure
                0x000048d6       0x4c contiki-sky.a(button-sensor.o)
 .text.irq_p2   0x00004922       0x88 contiki-sky.a(button-sensor.o)
                0x00004922                irq_p2
                0x00004922                __isr_1
 .text.owreadb  0x000049aa       0x50 contiki-sky.a(ds2411.o)
 .text.ds2411_init
                0x000049fa      0x120 contiki-sky.a(ds2411.o)
                0x000049fa                ds2411_init
 .text.wait_ready
                0x00004b1a       0x4a contiki-sky.a(xmem.o)
 .text.xmem_init
                0x00004b64       0x3c contiki-sky.a(xmem.o)
                0x00004b64                xmem_init
 .text.xmem_pread
                0x00004ba0       0xe0 contiki-sky.a(xmem.o)
                0x00004ba0                xmem_pread
 .text.node_id_restore
                0x00004c80       0x38 contiki-sky.a(node-id.o)
                0x00004c80                node_id_restore
 .text.process_thread_sensors_process
                0x00004cb8       0xc2 contiki-sky.a(sensors.o)
 .text.sensors_changed
                0x00004d7a       0x2a contiki-sky.a(sensors.o)
                0x00004d7a                sensors_changed
 .text.get_object
                0x00004da4        0x4 contiki-sky.a(cc2420.o)
 .text.set_object
                0x00004da8        0x4 contiki-sky.a(cc2420.o)
 .text.strobe   0x00004dac       0x1c contiki-sky.a(cc2420.o)
 .text.status   0x00004dc8       0x22 contiki-sky.a(cc2420.o)
 .text.getreg   0x00004dea       0x4c contiki-sky.a(cc2420.o)
 .text.setreg   0x00004e36       0x4c contiki-sky.a(cc2420.o)
 .text.write_ram
                0x00004e82       0x54 contiki-sky.a(cc2420.o)
 .text.set_txpower
                0x00004ed6       0x24 contiki-sky.a(cc2420.o)
 .text.cc2420_receiving_packet
                0x00004efa        0xc contiki-sky.a(cc2420.o)
 .text.pending_packet
                0x00004f06        0x8 contiki-sky.a(cc2420.o)
 .text.wait_for_status
                0x00004f0e       0x28 contiki-sky.a(cc2420.o)
 .text.on       0x00004f36       0x26 contiki-sky.a(cc2420.o)
 .text.getrxbyte
                0x00004f5c       0x3a contiki-sky.a(cc2420.o)
 .text.flushrx  0x00004f96       0x18 contiki-sky.a(cc2420.o)
 .text.getrxdata
                0x00004fae       0x50 contiki-sky.a(cc2420.o)
 .text.wait_for_not_status.constprop.5
                0x00004ffe       0x22 contiki-sky.a(cc2420.o)
 .text.off      0x00005020       0x56 contiki-sky.a(cc2420.o)
 .text.RELEASE_LOCK
                0x00005076       0x28 contiki-sky.a(cc2420.o)
 .text.cc2420_prepare
                0x0000509e       0x82 contiki-sky.a(cc2420.o)
 .text.cc2420_on
                0x00005120       0x22 contiki-sky.a(cc2420.o)
                0x00005120                cc2420_on
 .text.cc2420_read
                0x00005142       0xb2 contiki-sky.a(cc2420.o)
 .text.process_thread_cc2420_process
                0x000051f4       0x54 contiki-sky.a(cc2420.o)
 .text.cc2420_off
                0x00005248       0x30 contiki-sky.a(cc2420.o)
                0x00005248                cc2420_off
 .text.cc2420_cca
                0x00005278       0x68 contiki-sky.a(cc2420.o)
 .text.cc2420_set_channel
                0x000052e0       0x44 contiki-sky.a(cc2420.o)
                0x000052e0                cc2420_set_channel
 .text.cc2420_set_pan_addr
                0x00005324       0x7e contiki-sky.a(cc2420.o)
                0x00005324                cc2420_set_pan_addr
 .text.cc2420_interrupt
                0x000053a2       0x1a contiki-sky.a(cc2420.o)
                0x000053a2                cc2420_interrupt
 .text.cc2420_set_txpower
                0x000053bc        0xe contiki-sky.a(cc2420.o)
                0x000053bc                cc2420_set_txpower
 .text.set_value
                0x000053ca       0x74 contiki-sky.a(cc2420.o)
 .text.cc2420_get_txpower
                0x0000543e       0x1e contiki-sky.a(cc2420.o)
                0x0000543e                cc2420_get_txpower
 .text.cc2420_transmit
                0x0000545c      0x12a contiki-sky.a(cc2420.o)
 .text.cc2420_send
                0x00005586       0x12 contiki-sky.a(cc2420.o)
 .text.cc2420_rssi
                0x00005598       0x48 contiki-sky.a(cc2420.o)
                0x00005598                cc2420_rssi
 .text.get_value
                0x000055e0       0x8a contiki-sky.a(cc2420.o)
 .text.cc2420_set_cca_threshold
                0x0000566a       0x16 contiki-sky.a(cc2420.o)
                0x0000566a                cc2420_set_cca_threshold
 .text.cc2420_init
                0x00005680       0xd2 contiki-sky.a(cc2420.o)
                0x00005680                cc2420_init
 .text.cc2420_port1_interrupt
                0x00005752       0x62 contiki-sky.a(cc2420-arch.o)
                0x00005752                __isr_4
                0x00005752                cc2420_port1_interrupt
 .text.cc2420_arch_init
                0x000057b4       0x1a contiki-sky.a(cc2420-arch.o)
                0x000057b4                cc2420_arch_init
 .text.uart1_active
                0x000057ce       0x18 contiki-sky.a(uart1.o)
                0x000057ce                uart1_active
 .text.uart1_writeb
                0x000057e6       0x18 contiki-sky.a(uart1.o)
                0x000057e6                uart1_writeb
 .text.uart1_init
                0x000057fe       0xf4 contiki-sky.a(uart1.o)
                0x000057fe                uart1_init
 .text.putchar  0x000058f2       0x10 contiki-sky.a(uart1-putchar.o)
                0x000058f2                putchar
 .text.msp430_init_dco
                0x00005902       0x82 contiki-sky.a(msp430.o)
                0x00005902                msp430_init_dco
 .text.msp430_add_lpm_req
                0x00005984        0xc contiki-sky.a(msp430.o)
                0x00005984                msp430_add_lpm_req
 .text.msp430_cpu_init
                0x00005990       0x2a contiki-sky.a(msp430.o)
                0x00005990                msp430_cpu_init
 .text.splhigh_
                0x000059ba        0x8 contiki-sky.a(msp430.o)
                0x000059ba                splhigh_
 .text.msp430_sync_dco
                0x000059c2       0x6c contiki-sky.a(msp430.o)
                0x000059c2                msp430_sync_dco
 .text.timera1  0x00005a2e       0xfe contiki-sky.a(clock.o)
                0x00005a2e                __isr_5
                0x00005a2e                timera1
 .text.clock_time
                0x00005b2c       0x1a contiki-sky.a(clock.o)
                0x00005b2c                clock_time
 .text.clock_init
                0x00005b46       0x28 contiki-sky.a(clock.o)
                0x00005b46                clock_init
 .text.clock_delay
                0x00005b6e        0xc contiki-sky.a(clock.o)
                0x00005b6e                clock_delay
 .text.clock_seconds
                0x00005b7a       0x1a contiki-sky.a(clock.o)
                0x00005b7a                clock_seconds
 .text.show_leds
                0x00005b94       0xf0 contiki-sky.a(leds.o)
 .text.leds_init
                0x00005c84        0xa contiki-sky.a(leds.o)
                0x00005c84                leds_init
 .text.leds_on  0x00005c8e        0xa contiki-sky.a(leds.o)
                0x00005c8e                leds_on
 .text.leds_off
                0x00005c98        0xe contiki-sky.a(leds.o)
                0x00005c98                leds_off
 .text.leds_arch_init
                0x00005ca6        0xe contiki-sky.a(leds-arch.o)
                0x00005ca6                leds_arch_init
 .text.leds_arch_set
                0x00005cb4       0x38 contiki-sky.a(leds-arch.o)
                0x00005cb4                leds_arch_set
 .text.watchdog_interrupt
                0x00005cec        0x6 contiki-sky.a(watchdog.o)
                0x00005cec                __isr_10
                0x00005cec                watchdog_interrupt
 .text.watchdog_start
                0x00005cf2       0x14 contiki-sky.a(watchdog.o)
                0x00005cf2                watchdog_start
 .text.watchdog_periodic
                0x00005d06       0x12 contiki-sky.a(watchdog.o)
                0x00005d06                watchdog_periodic
 .text.watchdog_stop
                0x00005d18       0x16 contiki-sky.a(watchdog.o)
                0x00005d18                watchdog_stop
 .text.watchdog_init
                0x00005d2e       0x12 contiki-sky.a(watchdog.o)
                0x00005d2e                watchdog_init
 .text.rtimer_arch_init
                0x00005d40        0xe contiki-sky.a(rtimer-arch.o)
                0x00005d40                rtimer_arch_init
 .text.rtimer_arch_now
                0x00005d4e        0xe contiki-sky.a(rtimer-arch.o)
                0x00005d4e                rtimer_arch_now
 .text.timera0  0x00005d5c       0x70 contiki-sky.a(rtimer-arch.o)
                0x00005d5c                __isr_6
                0x00005d5c                timera0
 .text.rtimer_arch_schedule
                0x00005dcc        0x6 contiki-sky.a(rtimer-arch.o)
                0x00005dcc                rtimer_arch_schedule
 .text.autostart_start
                0x00005dd2       0x16 contiki-sky.a(autostart.o)
                0x00005dd2                autostart_start
 .text.process_thread_ctimer_process
                0x00005de8       0xa8 contiki-sky.a(ctimer.o)
 .text.ctimer_init
                0x00005e90       0x18 contiki-sky.a(ctimer.o)
                0x00005e90                ctimer_init
 .text.ctimer_set
                0x00005ea8       0x5a contiki-sky.a(ctimer.o)
                0x00005ea8                ctimer_set
 .text.ctimer_reset
                0x00005f02       0x3a contiki-sky.a(ctimer.o)
                0x00005f02                ctimer_reset
 .text.ctimer_stop
                0x00005f3c       0x28 contiki-sky.a(ctimer.o)
                0x00005f3c                ctimer_stop
 .text.energest_init
                0x00005f64       0x26 contiki-sky.a(energest.o)
                0x00005f64                energest_init
 .text.energest_type_time
                0x00005f8a       0x48 contiki-sky.a(energest.o)
                0x00005f8a                energest_type_time
 .text.energest_type_set
                0x00005fd2        0xe contiki-sky.a(energest.o)
                0x00005fd2                energest_type_set
 .text.energest_flush
                0x00005fe0       0x48 contiki-sky.a(energest.o)
                0x00005fe0                energest_flush
 .text.update_time
                0x00006028       0x78 contiki-sky.a(etimer.o)
 .text.etimer_request_poll
                0x000060a0        0xa contiki-sky.a(etimer.o)
                0x000060a0                etimer_request_poll
 .text.process_thread_etimer_process
                0x000060aa       0xcc contiki-sky.a(etimer.o)
 .text.add_timer
                0x00006176       0x40 contiki-sky.a(etimer.o)
 .text.etimer_set
                0x000061b6       0x12 contiki-sky.a(etimer.o)
                0x000061b6                etimer_set
 .text.etimer_reset
                0x000061c8       0x12 contiki-sky.a(etimer.o)
                0x000061c8                etimer_reset
 .text.etimer_restart
                0x000061da       0x12 contiki-sky.a(etimer.o)
                0x000061da                etimer_restart
 .text.etimer_expired
                0x000061ec        0xe contiki-sky.a(etimer.o)
                0x000061ec                etimer_expired
 .text.etimer_expiration_time
                0x000061fa       0x14 contiki-sky.a(etimer.o)
                0x000061fa                etimer_expiration_time
 .text.etimer_pending
                0x0000620e        0xc contiki-sky.a(etimer.o)
                0x0000620e                etimer_pending
 .text.etimer_next_expiration_time
                0x0000621a       0x16 contiki-sky.a(etimer.o)
                0x0000621a                etimer_next_expiration_time
 .text.etimer_stop
                0x00006230       0x3e contiki-sky.a(etimer.o)
                0x00006230                etimer_stop
 .text.call_process
                0x0000626e       0x46 contiki-sky.a(process.o)
 .text.exit_process
                0x000062b4       0x96 contiki-sky.a(process.o)
 .text.do_poll  0x0000634a       0x30 contiki-sky.a(process.o)
 .text.process_alloc_event
                0x0000637a        0xe contiki-sky.a(process.o)
                0x0000637a                process_alloc_event
 .text.process_init
                0x00006388       0x1c contiki-sky.a(process.o)
                0x00006388                process_init
 .text.process_run
                0x000063a4       0xa2 contiki-sky.a(process.o)
                0x000063a4                process_run
 .text.process_nevents
                0x00006446        0xe contiki-sky.a(process.o)
                0x00006446                process_nevents
 .text.process_post
                0x00006454       0x54 contiki-sky.a(process.o)
                0x00006454                process_post
 .text.process_post_synch
                0x000064a8       0x12 contiki-sky.a(process.o)
                0x000064a8                process_post_synch
 .text.process_start
                0x000064ba       0x36 contiki-sky.a(process.o)
                0x000064ba                process_start
 .text.process_poll
                0x000064f0       0x18 contiki-sky.a(process.o)
                0x000064f0                process_poll
 .text.rtimer_init
                0x00006508        0x6 contiki-sky.a(rtimer.o)
                0x00006508                rtimer_init
 .text.rtimer_set
                0x0000650e       0x24 contiki-sky.a(rtimer.o)
                0x0000650e                rtimer_set
 .text.rtimer_run_next
                0x00006532       0x26 contiki-sky.a(rtimer.o)
                0x00006532                rtimer_run_next
 .text.timer_set
                0x00006558       0x1c contiki-sky.a(timer.o)
                0x00006558                timer_set
 .text.timer_reset
                0x00006574        0xe contiki-sky.a(timer.o)
                0x00006574                timer_reset
 .text.timer_restart
                0x00006582       0x14 contiki-sky.a(timer.o)
                0x00006582                timer_restart
 .text.timer_expired
                0x00006596       0x2a contiki-sky.a(timer.o)
                0x00006596                timer_expired
 .text.list_init
                0x000065c0        0x6 contiki-sky.a(list.o)
                0x000065c0                list_init
 .text.list_head
                0x000065c6        0x4 contiki-sky.a(list.o)
                0x000065c6                list_head
 .text.list_tail
                0x000065ca       0x12 contiki-sky.a(list.o)
                0x000065ca                list_tail
 .text.list_remove
                0x000065dc       0x34 contiki-sky.a(list.o)
                0x000065dc                list_remove
 .text.list_push
                0x00006610       0x1a contiki-sky.a(list.o)
                0x00006610                list_push
 .text.list_add
                0x0000662a       0x2a contiki-sky.a(list.o)
                0x0000662a                list_add
 .text.list_length
                0x00006654       0x10 contiki-sky.a(list.o)
                0x00006654                list_length
 .text.list_item_next
                0x00006664        0xc contiki-sky.a(list.o)
                0x00006664                list_item_next
 .text.memb_init
                0x00006670       0x36 contiki-sky.a(memb.o)
                0x00006670                memb_init
 .text.memb_alloc
                0x000066a6       0x3e contiki-sky.a(memb.o)
                0x000066a6                memb_alloc
 .text.memb_free
                0x000066e4       0x3a contiki-sky.a(memb.o)
                0x000066e4                memb_free
 .text.memb_inmemb
                0x0000671e       0x2a contiki-sky.a(memb.o)
                0x0000671e                memb_inmemb
 .text.random_init
                0x00006748        0x6 contiki-sky.a(random.o)
                0x00006748                random_init
 .text.random_rand
                0x0000674e        0x6 contiki-sky.a(random.o)
                0x0000674e                random_rand
 .text.set_packet_attrs
                0x00006754       0x46 contiki-sky.a(sicslowpan.o)
 .text.addr_context_lookup_by_number
                0x0000679a       0x32 contiki-sky.a(sicslowpan.o)
 .text.compress_addr_64
                0x000067cc       0xae contiki-sky.a(sicslowpan.o)
 .text.uncompress_addr
                0x0000687a       0xb4 contiki-sky.a(sicslowpan.o)
 .text.input    0x0000692e      0x64e contiki-sky.a(sicslowpan.o)
 .text.sicslowpan_init
                0x00006f7c       0x26 contiki-sky.a(sicslowpan.o)
                0x00006f7c                sicslowpan_init
 .text.addr_context_lookup_by_prefix
                0x00006fa2       0x4c contiki-sky.a(sicslowpan.o)
 .text.packet_sent
                0x00006fee       0x22 contiki-sky.a(sicslowpan.o)
 .text.send_packet
                0x00007010       0x1a contiki-sky.a(sicslowpan.o)
 .text.output   0x0000702a      0x6d0 contiki-sky.a(sicslowpan.o)
 .text.chksum   0x000076fa       0x32 contiki-sky.a(uip6.o)
 .text.upper_layer_chksum
                0x0000772c       0x56 contiki-sky.a(uip6.o)
 .text.ext_hdr_options_process
                0x00007782       0xd0 contiki-sky.a(uip6.o)
 .text.uip_add32
                0x00007852       0x68 contiki-sky.a(uip6.o)
                0x00007852                uip_add32
 .text.uip_add_rcv_nxt
                0x000078ba       0x2e contiki-sky.a(uip6.o)
 .text.uip_icmp6chksum
                0x000078e8        0xa contiki-sky.a(uip6.o)
                0x000078e8                uip_icmp6chksum
 .text.uip_tcpchksum
                0x000078f2        0xa contiki-sky.a(uip6.o)
                0x000078f2                uip_tcpchksum
 .text.uip_udpchksum
                0x000078fc        0xa contiki-sky.a(uip6.o)
                0x000078fc                uip_udpchksum
 .text.uip_init
                0x00007906       0x7a contiki-sky.a(uip6.o)
                0x00007906                uip_init
 .text.remove_ext_hdr
                0x00007980       0x58 contiki-sky.a(uip6.o)
                0x00007980                remove_ext_hdr
 .text.uip_udp_new
                0x000079d8       0xe4 contiki-sky.a(uip6.o)
                0x000079d8                uip_udp_new
 .text.uip_unlisten
                0x00007abc       0x2a contiki-sky.a(uip6.o)
                0x00007abc                uip_unlisten
 .text.uip_process
                0x00007ae6      0xe88 contiki-sky.a(uip6.o)
                0x00007ae6                uip_process
 .text.uip_htonl
                0x0000896e       0x2e contiki-sky.a(uip6.o)
                0x0000896e                uip_htonl
 .text.uip_ds6_list_loop
                0x0000899c       0x86 contiki-sky.a(uip-ds6.o)
                0x0000899c                uip_ds6_list_loop
 .text.uip_ds6_prefix_add
                0x00008a22       0x80 contiki-sky.a(uip-ds6.o)
                0x00008a22                uip_ds6_prefix_add
 .text.uip_ds6_is_addr_onlink
                0x00008aa2       0x54 contiki-sky.a(uip-ds6.o)
                0x00008aa2                uip_ds6_is_addr_onlink
 .text.uip_ds6_addr_lookup
                0x00008af6       0x2a contiki-sky.a(uip-ds6.o)
                0x00008af6                uip_ds6_addr_lookup
 .text.uip_ds6_get_link_local
                0x00008b20       0x3e contiki-sky.a(uip-ds6.o)
                0x00008b20                uip_ds6_get_link_local
 .text.uip_ds6_maddr_add
                0x00008b5e       0x4c contiki-sky.a(uip-ds6.o)
                0x00008b5e                uip_ds6_maddr_add
 .text.uip_ds6_addr_add
                0x00008baa       0xc4 contiki-sky.a(uip-ds6.o)
                0x00008baa                uip_ds6_addr_add
 .text.uip_ds6_maddr_rm
                0x00008c6e       0x10 contiki-sky.a(uip-ds6.o)
                0x00008c6e                uip_ds6_maddr_rm
 .text.uip_ds6_maddr_lookup
                0x00008c7e       0x2a contiki-sky.a(uip-ds6.o)
                0x00008c7e                uip_ds6_maddr_lookup
 .text.uip_ds6_addr_rm
                0x00008ca8       0x54 contiki-sky.a(uip-ds6.o)
                0x00008ca8                uip_ds6_addr_rm
 .text.uip_ds6_periodic
                0x00008cfc       0x4a contiki-sky.a(uip-ds6.o)
                0x00008cfc                uip_ds6_periodic
 .text.uip_ds6_set_addr_iid
                0x00008d46       0x14 contiki-sky.a(uip-ds6.o)
                0x00008d46                uip_ds6_set_addr_iid
 .text.get_match_length
                0x00008d5a       0x44 contiki-sky.a(uip-ds6.o)
                0x00008d5a                get_match_length
 .text.uip_ds6_select_src
                0x00008d9e       0xaa contiki-sky.a(uip-ds6.o)
                0x00008d9e                uip_ds6_select_src
 .text.uip_ds6_compute_reachable_time
                0x00008e48       0x3e contiki-sky.a(uip-ds6.o)
                0x00008e48                uip_ds6_compute_reachable_time
 .text.uip_ds6_init
                0x00008e86      0x154 contiki-sky.a(uip-ds6.o)
                0x00008e86                uip_ds6_init
 .text.uip_ds6_nbr_rm
                0x00008fda       0x1a contiki-sky.a(uip-ds6-nbr.o)
                0x00008fda                uip_ds6_nbr_rm
 .text.uip_ds6_neighbors_init
                0x00008ff4        0xe contiki-sky.a(uip-ds6-nbr.o)
                0x00008ff4                uip_ds6_neighbors_init
 .text.uip_ds6_nbr_add
                0x00009002       0x60 contiki-sky.a(uip-ds6-nbr.o)
                0x00009002                uip_ds6_nbr_add
 .text.uip_ds6_nbr_get_ll
                0x00009062        0xc contiki-sky.a(uip-ds6-nbr.o)
                0x00009062                uip_ds6_nbr_get_ll
 .text.uip_ds6_nbr_lookup
                0x0000906e       0x42 contiki-sky.a(uip-ds6-nbr.o)
                0x0000906e                uip_ds6_nbr_lookup
 .text.uip_ds6_nbr_ll_lookup
                0x000090b0        0xc contiki-sky.a(uip-ds6-nbr.o)
                0x000090b0                uip_ds6_nbr_ll_lookup
 .text.uip_ds6_nbr_ipaddr_from_lladdr
                0x000090bc        0x6 contiki-sky.a(uip-ds6-nbr.o)
                0x000090bc                uip_ds6_nbr_ipaddr_from_lladdr
 .text.uip_ds6_nbr_lladdr_from_ipaddr
                0x000090c2       0x12 contiki-sky.a(uip-ds6-nbr.o)
                0x000090c2                uip_ds6_nbr_lladdr_from_ipaddr
 .text.uip_ds6_link_neighbor_callback
                0x000090d4       0x2a contiki-sky.a(uip-ds6-nbr.o)
                0x000090d4                uip_ds6_link_neighbor_callback
 .text.uip_ds6_neighbor_periodic
                0x000090fe       0x38 contiki-sky.a(uip-ds6-nbr.o)
                0x000090fe                uip_ds6_neighbor_periodic
 .text.call_route_callback
                0x00009136       0x4c contiki-sky.a(uip-ds6-route.o)
 .text.uip_ds6_route_init
                0x00009182       0x36 contiki-sky.a(uip-ds6-route.o)
                0x00009182                uip_ds6_route_init
 .text.uip_ds6_route_nexthop
                0x000091b8       0x1a contiki-sky.a(uip-ds6-route.o)
                0x000091b8                uip_ds6_route_nexthop
 .text.uip_ds6_route_head
                0x000091d2        0xa contiki-sky.a(uip-ds6-route.o)
                0x000091d2                uip_ds6_route_head
 .text.uip_ds6_route_next
                0x000091dc        0xe contiki-sky.a(uip-ds6-route.o)
                0x000091dc                uip_ds6_route_next
 .text.uip_ds6_route_lookup
                0x000091ea       0x76 contiki-sky.a(uip-ds6-route.o)
                0x000091ea                uip_ds6_route_lookup
 .text.uip_ds6_route_rm
                0x00009260       0xa6 contiki-sky.a(uip-ds6-route.o)
                0x00009260                uip_ds6_route_rm
 .text.rm_routelist
                0x00009306       0x34 contiki-sky.a(uip-ds6-route.o)
 .text.rm_routelist_callback
                0x0000933a        0x6 contiki-sky.a(uip-ds6-route.o)
 .text.uip_ds6_route_add
                0x00009340       0xe8 contiki-sky.a(uip-ds6-route.o)
                0x00009340                uip_ds6_route_add
 .text.uip_ds6_defrt_rm
                0x00009428       0x48 contiki-sky.a(uip-ds6-route.o)
                0x00009428                uip_ds6_defrt_rm
 .text.uip_ds6_defrt_lookup
                0x00009470       0x36 contiki-sky.a(uip-ds6-route.o)
                0x00009470                uip_ds6_defrt_lookup
 .text.uip_ds6_defrt_add
                0x000094a6       0x74 contiki-sky.a(uip-ds6-route.o)
                0x000094a6                uip_ds6_defrt_add
 .text.uip_ds6_defrt_choose
                0x0000951a       0x3a contiki-sky.a(uip-ds6-route.o)
                0x0000951a                uip_ds6_defrt_choose
 .text.uip_ds6_defrt_periodic
                0x00009554       0x38 contiki-sky.a(uip-ds6-route.o)
                0x00009554                uip_ds6_defrt_periodic
 .text.echo_reply_input
                0x0000958c      0x110 contiki-sky.a(uip-icmp6.o)
 .text.echo_request_input
                0x0000969c      0x12c contiki-sky.a(uip-icmp6.o)
 .text.uip_icmp6_input
                0x000097c8       0x48 contiki-sky.a(uip-icmp6.o)
                0x000097c8                uip_icmp6_input
 .text.uip_icmp6_register_input_handler
                0x00009810        0xc contiki-sky.a(uip-icmp6.o)
                0x00009810                uip_icmp6_register_input_handler
 .text.uip_icmp6_error_output
                0x0000981c      0x17e contiki-sky.a(uip-icmp6.o)
                0x0000981c                uip_icmp6_error_output
 .text.uip_icmp6_send
                0x0000999a       0x94 contiki-sky.a(uip-icmp6.o)
                0x0000999a                uip_icmp6_send
 .text.uip_icmp6_init
                0x00009a2e       0x12 contiki-sky.a(uip-icmp6.o)
                0x00009a2e                uip_icmp6_init
 .text.uip_nd6_init
                0x00009a40        0x2 contiki-sky.a(uip-nd6.o)
                0x00009a40                uip_nd6_init
 .text.input_packet
                0x00009a42        0x6 contiki-sky.a(csma.o)
 .text.on       0x00009a48        0x6 contiki-sky.a(csma.o)
 .text.off      0x00009a4e        0x6 contiki-sky.a(csma.o)
 .text.channel_check_interval
                0x00009a54       0x10 contiki-sky.a(csma.o)
 .text.transmit_packet_list
                0x00009a64       0x24 contiki-sky.a(csma.o)
 .text.init     0x00009a88       0x1a contiki-sky.a(csma.o)
 .text.send_packet
                0x00009aa2      0x176 contiki-sky.a(csma.o)
 .text.free_packet
                0x00009c18       0x9c contiki-sky.a(csma.o)
 .text.packet_sent
                0x00009cb4      0x132 contiki-sky.a(csma.o)
 .text.create_frame.isra.0
                0x00009de6      0x118 contiki-sky.a(framer-802154.o)
 .text.create   0x00009efe        0x8 contiki-sky.a(framer-802154.o)
 .text.hdr_length
                0x00009f06        0x8 contiki-sky.a(framer-802154.o)
 .text.parse    0x00009f0e       0xa6 contiki-sky.a(framer-802154.o)
 .text.mac_call_sent_callback
                0x00009fb4       0x14 contiki-sky.a(mac.o)
                0x00009fb4                mac_call_sent_callback
 .text.linkaddr_copy
                0x00009fc8        0x8 contiki-sky.a(linkaddr.o)
                0x00009fc8                linkaddr_copy
 .text.linkaddr_cmp
                0x00009fd0       0x12 contiki-sky.a(linkaddr.o)
                0x00009fd0                linkaddr_cmp
 .text.linkaddr_set_node_addr
                0x00009fe2        0xc contiki-sky.a(linkaddr.o)
                0x00009fe2                linkaddr_set_node_addr
 .text.item_from_index
                0x00009fee       0x2a contiki-sky.a(nbr-table.o)
 .text.index_from_key
                0x0000a018       0x26 contiki-sky.a(nbr-table.o)
 .text.index_from_item
                0x0000a03e       0x1e contiki-sky.a(nbr-table.o)
 .text.nbr_set_bit
                0x0000a05c       0x58 contiki-sky.a(nbr-table.o)
 .text.index_from_lladdr
                0x0000a0b4       0x42 contiki-sky.a(nbr-table.o)
 .text.nbr_get_bit.constprop.0
                0x0000a0f6       0x2e contiki-sky.a(nbr-table.o)
 .text.nbr_table_register
                0x0000a124       0x26 contiki-sky.a(nbr-table.o)
                0x0000a124                nbr_table_register
 .text.nbr_table_next
                0x0000a14a       0x54 contiki-sky.a(nbr-table.o)
                0x0000a14a                nbr_table_next
 .text.nbr_table_head
                0x0000a19e       0x3a contiki-sky.a(nbr-table.o)
                0x0000a19e                nbr_table_head
 .text.nbr_table_add_lladdr
                0x0000a1d8      0x128 contiki-sky.a(nbr-table.o)
                0x0000a1d8                nbr_table_add_lladdr
 .text.nbr_table_get_from_lladdr
                0x0000a300       0x2c contiki-sky.a(nbr-table.o)
                0x0000a300                nbr_table_get_from_lladdr
 .text.nbr_table_remove
                0x0000a32c       0x32 contiki-sky.a(nbr-table.o)
                0x0000a32c                nbr_table_remove
 .text.nbr_table_lock
                0x0000a35e       0x10 contiki-sky.a(nbr-table.o)
                0x0000a35e                nbr_table_lock
 .text.nbr_table_unlock
                0x0000a36e       0x10 contiki-sky.a(nbr-table.o)
                0x0000a36e                nbr_table_unlock
 .text.nbr_table_get_lladdr
                0x0000a37e       0x22 contiki-sky.a(nbr-table.o)
                0x0000a37e                nbr_table_get_lladdr
 .text.packetbuf_copyto_hdr
                0x0000a3a0       0x1c contiki-sky.a(packetbuf.o)
                0x0000a3a0                packetbuf_copyto_hdr
 .text.packetbuf_copyto
                0x0000a3bc       0x52 contiki-sky.a(packetbuf.o)
                0x0000a3bc                packetbuf_copyto
 .text.packetbuf_hdr_remove
                0x0000a40e        0x6 contiki-sky.a(packetbuf.o)
                0x0000a40e                packetbuf_hdr_remove
 .text.packetbuf_hdrreduce
                0x0000a414       0x1a contiki-sky.a(packetbuf.o)
                0x0000a414                packetbuf_hdrreduce
 .text.packetbuf_set_datalen
                0x0000a42e        0x6 contiki-sky.a(packetbuf.o)
                0x0000a42e                packetbuf_set_datalen
 .text.packetbuf_dataptr
                0x0000a434        0xe contiki-sky.a(packetbuf.o)
                0x0000a434                packetbuf_dataptr
 .text.packetbuf_hdrptr
                0x0000a442        0xa contiki-sky.a(packetbuf.o)
                0x0000a442                packetbuf_hdrptr
 .text.packetbuf_is_reference
                0x0000a44c        0xe contiki-sky.a(packetbuf.o)
                0x0000a44c                packetbuf_is_reference
 .text.packetbuf_compact
                0x0000a45a       0x48 contiki-sky.a(packetbuf.o)
                0x0000a45a                packetbuf_compact
 .text.packetbuf_reference_ptr
                0x0000a4a2        0x6 contiki-sky.a(packetbuf.o)
                0x0000a4a2                packetbuf_reference_ptr
 .text.packetbuf_datalen
                0x0000a4a8        0x6 contiki-sky.a(packetbuf.o)
                0x0000a4a8                packetbuf_datalen
 .text.packetbuf_totlen
                0x0000a4ae       0x10 contiki-sky.a(packetbuf.o)
                0x0000a4ae                packetbuf_totlen
 .text.packetbuf_hdralloc
                0x0000a4be       0x2e contiki-sky.a(packetbuf.o)
                0x0000a4be                packetbuf_hdralloc
 .text.packetbuf_attr_clear
                0x0000a4ec       0x30 contiki-sky.a(packetbuf.o)
                0x0000a4ec                packetbuf_attr_clear
 .text.packetbuf_clear
                0x0000a51c       0x1a contiki-sky.a(packetbuf.o)
                0x0000a51c                packetbuf_clear
 .text.packetbuf_copyfrom
                0x0000a536       0x2e contiki-sky.a(packetbuf.o)
                0x0000a536                packetbuf_copyfrom
 .text.packetbuf_attr_copyto
                0x0000a564       0x22 contiki-sky.a(packetbuf.o)
                0x0000a564                packetbuf_attr_copyto
 .text.packetbuf_attr_copyfrom
                0x0000a586       0x24 contiki-sky.a(packetbuf.o)
                0x0000a586                packetbuf_attr_copyfrom
 .text.queuebuf_init
                0x0000a5aa       0x1a contiki-sky.a(queuebuf.o)
                0x0000a5aa                queuebuf_init
 .text.queuebuf_new_from_packetbuf
                0x0000a5c4       0x7e contiki-sky.a(queuebuf.o)
                0x0000a5c4                queuebuf_new_from_packetbuf
 .text.queuebuf_update_attr_from_packetbuf
                0x0000a642       0x12 contiki-sky.a(queuebuf.o)
                0x0000a642                queuebuf_update_attr_from_packetbuf
 .text.queuebuf_free
                0x0000a654       0x40 contiki-sky.a(queuebuf.o)
                0x0000a654                queuebuf_free
 .text.queuebuf_to_packetbuf
                0x0000a694       0x6e contiki-sky.a(queuebuf.o)
                0x0000a694                queuebuf_to_packetbuf
 .text.queuebuf_attr
                0x0000a702        0xe contiki-sky.a(queuebuf.o)
                0x0000a702                queuebuf_attr
 .text.process_thread_simple_udp_process
                0x0000a710       0xae contiki-sky.a(simple-udp.o)
 .text.simple_udp_sendto
                0x0000a7be       0x2c contiki-sky.a(simple-udp.o)
                0x0000a7be                simple_udp_sendto
 .text.simple_udp_register
                0x0000a7ea       0x92 contiki-sky.a(simple-udp.o)
                0x0000a7ea                simple_udp_register
 .text.start_periodic_tcp_timer
                0x0000a87c       0x16 contiki-sky.a(tcpip.o)
 .text.tcpip_output
                0x0000a892       0x10 contiki-sky.a(tcpip.o)
                0x0000a892                tcpip_output
 .text.tcpip_set_outputfunc
                0x0000a8a2        0x6 contiki-sky.a(tcpip.o)
                0x0000a8a2                tcpip_set_outputfunc
 .text.udp_new  0x0000a8a8       0x1a contiki-sky.a(tcpip.o)
                0x0000a8a8                udp_new
 .text.udp_broadcast_new
                0x0000a8c2       0x46 contiki-sky.a(tcpip.o)
                0x0000a8c2                udp_broadcast_new
 .text.tcpip_input
                0x0000a908       0x16 contiki-sky.a(tcpip.o)
                0x0000a908                tcpip_input
 .text.tcpip_ipv6_output
                0x0000a91e       0xd4 contiki-sky.a(tcpip.o)
                0x0000a91e                tcpip_ipv6_output
 .text.process_thread_tcpip_process
                0x0000a9f2      0x1d4 contiki-sky.a(tcpip.o)
 .text.tcpip_uipcall
                0x0000abc6       0x70 contiki-sky.a(tcpip.o)
                0x0000abc6                tcpip_uipcall
 .text.uip_debug_ipaddr_print
                0x0000ac36       0x7e contiki-sky.a(uip-debug.o)
                0x0000ac36                uip_debug_ipaddr_print
 .text.uip_udp_packet_send
                0x0000acb4       0x2e contiki-sky.a(uip-udp-packet.)
                0x0000acb4                uip_udp_packet_send
 .text.uip_udp_packet_sendto
                0x0000ace2       0x66 contiki-sky.a(uip-udp-packet.)
                0x0000ace2                uip_udp_packet_sendto
 .text.rpl_get_mode
                0x0000ad48        0x6 contiki-sky.a(rpl.o)
                0x0000ad48                rpl_get_mode
 .text.rpl_purge_routes
                0x0000ad4e       0x96 contiki-sky.a(rpl.o)
                0x0000ad4e                rpl_purge_routes
 .text.rpl_remove_routes
                0x0000ade4       0x22 contiki-sky.a(rpl.o)
                0x0000ade4                rpl_remove_routes
 .text.rpl_remove_routes_by_nexthop
                0x0000ae06       0x46 contiki-sky.a(rpl.o)
                0x0000ae06                rpl_remove_routes_by_nexthop
 .text.rpl_add_route
                0x0000ae4c       0x48 contiki-sky.a(rpl.o)
                0x0000ae4c                rpl_add_route
 .text.rpl_link_neighbor_callback
                0x0000ae94       0x6a contiki-sky.a(rpl.o)
                0x0000ae94                rpl_link_neighbor_callback
 .text.rpl_ipv6_neighbor_callback
                0x0000aefe       0x1e contiki-sky.a(rpl.o)
                0x0000aefe                rpl_ipv6_neighbor_callback
 .text.rpl_init
                0x0000af1c       0x4a contiki-sky.a(rpl.o)
                0x0000af1c                rpl_init
 .text.lollipop_greater_than
                0x0000af66       0x3c contiki-sky.a(rpl-dag.o)
 .text.find_parent_any_dag_any_instance
                0x0000afa2       0x14 contiki-sky.a(rpl-dag.o)
 .text.rpl_set_preferred_parent
                0x0000afb6       0x30 contiki-sky.a(rpl-dag.o)
 .text.set_ip_from_prefix
                0x0000afe6       0x38 contiki-sky.a(rpl-dag.o)
 .text.check_prefix
                0x0000b01e       0x80 contiki-sky.a(rpl-dag.o)
 .text.rpl_dag_init
                0x0000b09e        0xe contiki-sky.a(rpl-dag.o)
                0x0000b09e                rpl_dag_init
 .text.rpl_get_parent_ipaddr
                0x0000b0ac       0x10 contiki-sky.a(rpl-dag.o)
                0x0000b0ac                rpl_get_parent_ipaddr
 .text.rpl_set_prefix
                0x0000b0bc       0x8e contiki-sky.a(rpl-dag.o)
                0x0000b0bc                rpl_set_prefix
 .text.rpl_set_default_route
                0x0000b14a       0x64 contiki-sky.a(rpl-dag.o)
                0x0000b14a                rpl_set_default_route
 .text.rpl_alloc_instance
                0x0000b1ae       0x2c contiki-sky.a(rpl-dag.o)
                0x0000b1ae                rpl_alloc_instance
 .text.rpl_add_parent
                0x0000b1da       0x40 contiki-sky.a(rpl-dag.o)
                0x0000b1da                rpl_add_parent
 .text.rpl_find_parent
                0x0000b21a       0x1c contiki-sky.a(rpl-dag.o)
                0x0000b21a                rpl_find_parent
 .text.rpl_find_parent_any_dag
                0x0000b236       0x24 contiki-sky.a(rpl-dag.o)
                0x0000b236                rpl_find_parent_any_dag
 .text.rpl_select_parent
                0x0000b25a       0x62 contiki-sky.a(rpl-dag.o)
                0x0000b25a                rpl_select_parent
 .text.rpl_select_dag
                0x0000b2bc      0x1ae contiki-sky.a(rpl-dag.o)
                0x0000b2bc                rpl_select_dag
 .text.rpl_nullify_parent
                0x0000b46a       0x4e contiki-sky.a(rpl-dag.o)
                0x0000b46a                rpl_nullify_parent
 .text.rpl_remove_parent
                0x0000b4b8       0x16 contiki-sky.a(rpl-dag.o)
                0x0000b4b8                rpl_remove_parent
 .text.nbr_callback
                0x0000b4ce        0x6 contiki-sky.a(rpl-dag.o)
 .text.remove_parents.constprop.5
                0x0000b4d4       0x32 contiki-sky.a(rpl-dag.o)
 .text.rpl_free_dag
                0x0000b506       0x34 contiki-sky.a(rpl-dag.o)
                0x0000b506                rpl_free_dag
 .text.rpl_free_instance
                0x0000b53a       0x5c contiki-sky.a(rpl-dag.o)
                0x0000b53a                rpl_free_instance
 .text.rpl_move_parent
                0x0000b596       0x5a contiki-sky.a(rpl-dag.o)
                0x0000b596                rpl_move_parent
 .text.rpl_get_any_dag
                0x0000b5f0       0x16 contiki-sky.a(rpl-dag.o)
                0x0000b5f0                rpl_get_any_dag
 .text.rpl_get_instance
                0x0000b606       0x16 contiki-sky.a(rpl-dag.o)
                0x0000b606                rpl_get_instance
 .text.get_dag  0x0000b61c       0x58 contiki-sky.a(rpl-dag.o)
 .text.rpl_alloc_dag
                0x0000b674       0x66 contiki-sky.a(rpl-dag.o)
                0x0000b674                rpl_alloc_dag
 .text.rpl_repair_root
                0x0000b6da       0x4c contiki-sky.a(rpl-dag.o)
                0x0000b6da                rpl_repair_root
 .text.rpl_find_of
                0x0000b726       0x10 contiki-sky.a(rpl-dag.o)
                0x0000b726                rpl_find_of
 .text.rpl_join_instance
                0x0000b736      0x13c contiki-sky.a(rpl-dag.o)
                0x0000b736                rpl_join_instance
 .text.rpl_local_repair
                0x0000b872       0x80 contiki-sky.a(rpl-dag.o)
                0x0000b872                rpl_local_repair
 .text.rpl_process_parent_event
                0x0000b8f2       0x80 contiki-sky.a(rpl-dag.o)
                0x0000b8f2                rpl_process_parent_event
 .text.rpl_recalculate_ranks
                0x0000b972       0x46 contiki-sky.a(rpl-dag.o)
                0x0000b972                rpl_recalculate_ranks
 .text.rpl_add_dag
                0x0000b9b8      0x112 contiki-sky.a(rpl-dag.o)
                0x0000b9b8                rpl_add_dag
 .text.rpl_process_dio
                0x0000baca      0x28a contiki-sky.a(rpl-dag.o)
                0x0000baca                rpl_process_dio
 .text.rpl_lock_parent
                0x0000bd54        0xc contiki-sky.a(rpl-dag.o)
                0x0000bd54                rpl_lock_parent
 .text.rpl_verify_header
                0x0000bd60       0xb4 contiki-sky.a(rpl-ext-header.)
                0x0000bd60                rpl_verify_header
 .text.rpl_update_header_empty
                0x0000be14       0xf8 contiki-sky.a(rpl-ext-header.)
                0x0000be14                rpl_update_header_empty
 .text.rpl_update_header_final
                0x0000bf0c       0x88 contiki-sky.a(rpl-ext-header.)
                0x0000bf0c                rpl_update_header_final
 .text.rpl_invert_header
                0x0000bf94       0x4e contiki-sky.a(rpl-ext-header.)
                0x0000bf94                rpl_invert_header
 .text.rpl_insert_header
                0x0000bfe2       0x1c contiki-sky.a(rpl-ext-header.)
                0x0000bfe2                rpl_insert_header
 .text.get32    0x0000bffe       0x46 contiki-sky.a(rpl-icmp6.o)
 .text.set32    0x0000c044       0x2a contiki-sky.a(rpl-icmp6.o)
 .text.get16    0x0000c06e        0xe contiki-sky.a(rpl-icmp6.o)
 .text.set16    0x0000c07c       0x10 contiki-sky.a(rpl-icmp6.o)
 .text.dao_ack_input
                0x0000c08c        0x6 contiki-sky.a(rpl-icmp6.o)
 .text.dio_input
                0x0000c092      0x2d8 contiki-sky.a(rpl-icmp6.o)
 .text.dis_output
                0x0000c36a       0x50 contiki-sky.a(rpl-icmp6.o)
                0x0000c36a                dis_output
 .text.dio_output
                0x0000c3ba      0x264 contiki-sky.a(rpl-icmp6.o)
                0x0000c3ba                dio_output
 .text.dis_input
                0x0000c61e       0x28 contiki-sky.a(rpl-icmp6.o)
 .text.dao_output_target
                0x0000c646       0xe4 contiki-sky.a(rpl-icmp6.o)
                0x0000c646                dao_output_target
 .text.dao_output
                0x0000c72a       0x7e contiki-sky.a(rpl-icmp6.o)
                0x0000c72a                dao_output
 .text.dao_ack_output
                0x0000c7a8       0x32 contiki-sky.a(rpl-icmp6.o)
                0x0000c7a8                dao_ack_output
 .text.dao_input
                0x0000c7da      0x2a8 contiki-sky.a(rpl-icmp6.o)
 .text.rpl_icmp6_register_handlers
                0x0000ca82       0x22 contiki-sky.a(rpl-icmp6.o)
                0x0000ca82                rpl_icmp6_register_handlers
 .text.reset    0x0000caa4        0x2 contiki-sky.a(rpl-mrhof.o)
 .text.neighbor_link_callback
                0x0000caa6       0x8e contiki-sky.a(rpl-mrhof.o)
 .text.calculate_rank
                0x0000cb34       0x2c contiki-sky.a(rpl-mrhof.o)
 .text.update_metric_container
                0x0000cb60        0x6 contiki-sky.a(rpl-mrhof.o)
 .text.best_dag
                0x0000cb66       0x2e contiki-sky.a(rpl-mrhof.o)
 .text.best_parent
                0x0000cb94       0x52 contiki-sky.a(rpl-mrhof.o)
 .text.set_dao_lifetime_timer
                0x0000cbe6       0x66 contiki-sky.a(rpl-timers.o)
 .text.new_dio_interval
                0x0000cc4c       0x92 contiki-sky.a(rpl-timers.o)
 .text.handle_periodic_timer
                0x0000ccde       0x2e contiki-sky.a(rpl-timers.o)
 .text.schedule_dao
                0x0000cd0c       0x82 contiki-sky.a(rpl-timers.o)
 .text.handle_dao_timer
                0x0000cd8e       0x64 contiki-sky.a(rpl-timers.o)
 .text.handle_dio_timer
                0x0000cdf2       0x82 contiki-sky.a(rpl-timers.o)
 .text.rpl_reset_periodic_timer
                0x0000ce74       0x54 contiki-sky.a(rpl-timers.o)
                0x0000ce74                rpl_reset_periodic_timer
 .text.rpl_reset_dio_timer
                0x0000cec8       0x18 contiki-sky.a(rpl-timers.o)
                0x0000cec8                rpl_reset_dio_timer
 .text.rpl_schedule_dao
                0x0000cee0        0xc contiki-sky.a(rpl-timers.o)
                0x0000cee0                rpl_schedule_dao
 .text.duty_cycle
                0x0000ceec        0x6 contiki-sky.a(contikimac.o)
 .text.init     0x0000cef2       0x2e contiki-sky.a(contikimac.o)
 .text.on       0x0000cf20       0x1a contiki-sky.a(contikimac.o)
 .text.off      0x0000cf3a       0x22 contiki-sky.a(contikimac.o)
 .text.recv_burst_off
                0x0000cf5c        0xa contiki-sky.a(contikimac.o)
 .text.turn_off
                0x0000cf66       0x20 contiki-sky.a(contikimac.o)
 .text.turn_on  0x0000cf86       0x30 contiki-sky.a(contikimac.o)
 .text.schedule_powercycle_fixed.part.4
                0x0000cfb6       0x34 contiki-sky.a(contikimac.o)
 .text.powercycle_turn_radio_off
                0x0000cfea       0x30 contiki-sky.a(contikimac.o)
 .text.input_packet
                0x0000d01a       0xaa contiki-sky.a(contikimac.o)
 .text.send_packet
                0x0000d0c4      0x2ac contiki-sky.a(contikimac.o)
 .text.qsend_list
                0x0000d370       0x82 contiki-sky.a(contikimac.o)
 .text.qsend_packet
                0x0000d3f2       0x28 contiki-sky.a(contikimac.o)
 .text.powercycle
                0x0000d41a      0x1de contiki-sky.a(contikimac.o)
 .text.spi_init
                0x0000d5f8       0x30 contiki-sky.a(spi.o)
                0x0000d5f8                spi_init
 .text.compower_accumulate
                0x0000d628       0x72 contiki-sky.a(compower.o)
                0x0000d628                compower_accumulate
 .text.compower_clear
                0x0000d69a       0x12 contiki-sky.a(compower.o)
                0x0000d69a                compower_clear
 .text.compower_attrconv
                0x0000d6ac       0x10 contiki-sky.a(compower.o)
                0x0000d6ac                compower_attrconv
 .text.stimer_set
                0x0000d6bc       0x1c contiki-sky.a(stimer.o)
                0x0000d6bc                stimer_set
 .text.stimer_expired
                0x0000d6d8       0x30 contiki-sky.a(stimer.o)
                0x0000d6d8                stimer_expired
 .text.field_len
                0x0000d708       0x90 contiki-sky.a(frame802154.o)
 .text.frame802154_hdrlen
                0x0000d798       0x2e contiki-sky.a(frame802154.o)
                0x0000d798                frame802154_hdrlen
 .text.frame802154_create
                0x0000d7c6      0x172 contiki-sky.a(frame802154.o)
                0x0000d7c6                frame802154_create
 .text.frame802154_parse
                0x0000d938      0x1c4 contiki-sky.a(frame802154.o)
                0x0000d938                frame802154_parse
 .text.mac_sequence_is_duplicate
                0x0000dafc       0x44 contiki-sky.a(mac-sequence.o)
                0x0000dafc                mac_sequence_is_duplicate
 .text.mac_sequence_register_seqno
                0x0000db40       0x72 contiki-sky.a(mac-sequence.o)
                0x0000db40                mac_sequence_register_seqno
 .text.send_packet
                0x0000dbb2       0x44 contiki-sky.a(phase.o)
 .text.phase_update
                0x0000dbf6       0x92 contiki-sky.a(phase.o)
                0x0000dbf6                phase_update
 .text.phase_wait
                0x0000dc88       0xf2 contiki-sky.a(phase.o)
                0x0000dc88                phase_wait
 .text.phase_init
                0x0000dd7a       0x14 contiki-sky.a(phase.o)
                0x0000dd7a                phase_init
 .text.libgcc   0x0000dd8e       0x2c /usr/local/msp430/bin/../lib/gcc/msp430/4.7.0/mmpy-16/libgcc.a(_mulsi3.o)
                0x0000dd8e                __mulsi3
 .text.libgcc   0x0000ddba       0x22 /usr/local/msp430/bin/../lib/gcc/msp430/4.7.0/mmpy-16/libgcc.a(_udivmod16.o)
                0x0000ddba                __udivhi3
                0x0000ddba                __ext_udivmod16
                0x0000ddd4                __umodhi3
 .text.libgcc   0x0000dddc       0x3a /usr/local/msp430/bin/../lib/gcc/msp430/4.7.0/mmpy-16/libgcc.a(_divmod16.o)
                0x0000dddc                __ext_divmod16
                0x0000dddc                __divhi3
                0x0000de0e                __modhi3
 .text.libgcc   0x0000de16       0x40 /usr/local/msp430/bin/../lib/gcc/msp430/4.7.0/mmpy-16/libgcc.a(_udivmod32.o)
                0x0000de16                __udivsi3
                0x0000de16                __ext_udivmod32
                0x0000de4c                __umodsi3
 .text.printf   0x0000de56       0x10 /usr/local/msp430/bin/../lib/gcc/msp430/4.7.0/../../../../msp430/lib/mmpy-16/libc.a(printf.o)
                0x0000de56                printf
 .text.append   0x0000de66       0x22 /usr/local/msp430/bin/../lib/gcc/msp430/4.7.0/../../../../msp430/lib/mmpy-16/libc.a(sprintf.o)
 .text.call_vuprintf
                0x0000de88       0x3a /usr/local/msp430/bin/../lib/gcc/msp430/4.7.0/../../../../msp430/lib/mmpy-16/libc.a(sprintf.o)
 .text.sprintf  0x0000dec2       0x1c /usr/local/msp430/bin/../lib/gcc/msp430/4.7.0/../../../../msp430/lib/mmpy-16/libc.a(sprintf.o)
                0x0000dec2                sprintf
 .text.print_field
                0x0000dede      0x194 /usr/local/msp430/bin/../lib/gcc/msp430/4.7.0/../../../../msp430/lib/mmpy-16/libc.a(vuprintf.o)
 .text.vuprintf
                0x0000e072      0x63c /usr/local/msp430/bin/../lib/gcc/msp430/4.7.0/../../../../msp430/lib/mmpy-16/libc.a(vuprintf.o)
                0x0000e072                vuprintf
 .text.puts     0x0000e6ae       0x2c /usr/local/msp430/bin/../lib/gcc/msp430/4.7.0/../../../../msp430/lib/mmpy-16/libc.a(puts.o)
                0x0000e6ae                puts
 .text.rand     0x0000e6da       0x26 /usr/local/msp430/bin/../lib/gcc/msp430/4.7.0/../../../../msp430/lib/mmpy-16/libc.a(rand.o)
                0x0000e6da                rand
 .text.srand    0x0000e700        0xa /usr/local/msp430/bin/../lib/gcc/msp430/4.7.0/../../../../msp430/lib/mmpy-16/libc.a(rand.o)
                0x0000e700                srand
 .text.memcmp   0x0000e70a       0x30 /usr/local/msp430/bin/../lib/gcc/msp430/4.7.0/../../../../msp430/lib/mmpy-16/libc.a(memcmp.o)
                0x0000e70a                memcmp
 .text.memcpy   0x0000e73a       0xfa /usr/local/msp430/bin/../lib/gcc/msp430/4.7.0/../../../../msp430/lib/mmpy-16/libc.a(memcpy.o)
                0x0000e73a                memcpy
 .text.memmove  0x0000e834       0xfa /usr/local/msp430/bin/../lib/gcc/msp430/4.7.0/../../../../msp430/lib/mmpy-16/libc.a(memmove.o)
                0x0000e834                memmove
 .text.memset   0x0000e92e       0x6a /usr/local/msp430/bin/../lib/gcc/msp430/4.7.0/../../../../msp430/lib/mmpy-16/libc.a(memset.o)
                0x0000e92e                memset
 .text.libgcc   0x0000e998       0xf0 /usr/local/msp430/bin/../lib/gcc/msp430/4.7.0/mmpy-16/libgcc.a(_udivmod64.o)
                0x0000e998                __xabi_udivmod64
                0x0000e9f6                __udivdi3
                0x0000ea1c                __umoddi3
                0x0000ea4a                __udivmoddi4
 .text.crt0     0x0000ea88        0x2 /usr/local/msp430/bin/../lib/gcc/msp430/4.7.0/mmpy-16/libcrt0.a(_unexpected_.o)
                0x0000ea88                _unexpected_
 *(.near.text .near.text.*)

.rodata         0x0000ea8c      0x3a9
                0x0000ea8c                . = ALIGN (0x2)
 *(.rodata .rodata.* .gnu.linkonce.r.*)
 .rodata        0x0000ea8c       0xa0 unicast-sender.co
                0x0000eb08                autostart_processes
 .rodata        0x0000eb2c      0x11d obj_sky/contiki-sky-main.o
 .rodata        0x0000ec49       0x99 contiki-sky.a(servreg-hack.o)
 .rodata        0x0000ece2       0x10 contiki-sky.a(button-sensor.o)
                0x0000ecea                button_sensor
 .rodata        0x0000ecf2        0x8 contiki-sky.a(sensors.o)
 *fill*         0x0000ecfa        0x2 00
 .rodata.get_value
                0x0000ecfc       0x1c contiki-sky.a(cc2420.o)
 .rodata        0x0000ed18       0x3a contiki-sky.a(cc2420.o)
                0x0000ed18                cc2420_driver
 .rodata        0x0000ed52        0xf contiki-sky.a(ctimer.o)
 .rodata        0x0000ed61        0xc contiki-sky.a(etimer.o)
 *fill*         0x0000ed6d        0x1 00
 .rodata        0x0000ed6e       0x24 contiki-sky.a(sicslowpan.o)
                0x0000ed7a                sicslowpan_driver
                0x0000ed80                llprefix
                0x0000ed82                unc_mxconf
                0x0000ed86                unc_ctxconf
                0x0000ed8a                unc_llconf
 *fill*         0x0000ed92        0x2 00
 .rodata.uip_process
                0x0000ed94       0x20 contiki-sky.a(uip6.o)
 .rodata        0x0000edb4       0x14 contiki-sky.a(csma.o)
                0x0000edba                csma_driver
 .rodata        0x0000edc8        0x6 contiki-sky.a(framer-802154.o)
                0x0000edc8                framer_802154
 .rodata        0x0000edce        0x8 contiki-sky.a(linkaddr.o)
                0x0000edce                linkaddr_null
 .rodata        0x0000edd6       0x13 contiki-sky.a(simple-udp.o)
 .rodata        0x0000ede9        0xd contiki-sky.a(tcpip.o)
 .rodata        0x0000edf6       0x1a contiki-sky.a(uip-debug.o)
 .rodata        0x0000ee10       0x1c contiki-sky.a(contikimac.o)
                0x0000ee1c                contikimac_driver
 .rodata        0x0000ee2c        0x2 contiki-sky.a(frame802154.o)
 .rodata.vuprintf
                0x0000ee2e        0x7 /usr/local/msp430/bin/../lib/gcc/msp430/4.7.0/../../../../msp430/lib/mmpy-16/libc.a(vuprintf.o)
 *(.near.rodata .near.rodata.*)
                0x0000ee36                . = ALIGN (0x2)
                0x0000ee36                _etext = .

.data           0x00001100      0x110 load address 0x0000ee36
                0x00001100                . = ALIGN (0x2)
                0x00001100                __data_start = .
 *(.data .data.* .gnu.linkonce.d.*)
 .data          0x00001100        0xa unicast-sender.co
                0x00001100                unicast_sender_process
 .data          0x0000110a       0x12 contiki-sky.a(servreg-hack.o)
                0x0000110a                servreg_hack_process
 .data          0x0000111c        0x4 contiki-sky.a(contiki-sky-pla)
                0x0000111c                sensors
 .data          0x00001120        0xa contiki-sky.a(sensors.o)
                0x00001120                sensors_process
 .data          0x0000112a        0xa contiki-sky.a(cc2420.o)
                0x0000112a                cc2420_process
 .data          0x00001134        0x2 contiki-sky.a(msp430.o)
 .data          0x00001136        0xa contiki-sky.a(ctimer.o)
                0x00001136                ctimer_process
 .data          0x00001140        0xa contiki-sky.a(etimer.o)
                0x00001140                etimer_process
 .data          0x0000114a        0xa contiki-sky.a(uip-ds6-nbr.o)
                0x0000114a                ds6_neighbors
 .data          0x00001154       0x20 contiki-sky.a(uip-ds6-route.o)
 .data          0x00001174        0xc contiki-sky.a(uip-icmp6.o)
 .data          0x00001180       0x18 contiki-sky.a(csma.o)
 .data          0x00001198        0x8 contiki-sky.a(nbr-table.o)
 .data          0x000011a0       0x18 contiki-sky.a(queuebuf.o)
 .data          0x000011b8        0xa contiki-sky.a(simple-udp.o)
                0x000011b8                simple_udp_process
 .data          0x000011c2        0xa contiki-sky.a(tcpip.o)
                0x000011c2                tcpip_process
 .data          0x000011cc        0x8 contiki-sky.a(rpl-dag.o)
 .data          0x000011d4       0x1a contiki-sky.a(rpl-icmp6.o)
 .data          0x000011ee        0xe contiki-sky.a(rpl-mrhof.o)
                0x000011ee                rpl_mrhof
 .data          0x000011fc       0x10 contiki-sky.a(phase.o)
 .data.next     0x0000120c        0x4 /usr/local/msp430/bin/../lib/gcc/msp430/4.7.0/../../../../msp430/lib/mmpy-16/libc.a(rand.o)
 *(.near.data .near.data.*)
                0x00001210                . = ALIGN (0x2)
                0x00001210                _edata = .
                0x0000ee36                __data_load_start = LOADADDR (.data)
                0x00000110                __data_size = SIZEOF (.data)

.bss            0x00001210     0x1f58 load address 0x0000ef46
                0x00001210                __bss_start = .
 *(.bss .bss.*)
 .bss           0x00001210       0x36 unicast-sender.co
 .bss           0x00001246        0xc obj_sky/contiki-sky-main.o
 .bss           0x00001252      0x1f2 contiki-sky.a(servreg-hack.o)
 .bss           0x00001444        0x8 contiki-sky.a(button-sensor.o)
 .bss           0x0000144c        0x2 contiki-sky.a(node-id.o)
                0x0000144c                node_id
 .bss           0x0000144e        0x6 contiki-sky.a(sensors.o)
 .bss           0x00001454        0x8 contiki-sky.a(cc2420.o)
 .bss           0x0000145c       0x9a contiki-sky.a(uart1.o)
 .bss           0x000014f6        0xa contiki-sky.a(clock.o)
 .bss           0x00001500        0x1 contiki-sky.a(leds.o)
 *fill*         0x00001501        0x1 00
 .bss           0x00001502        0x2 contiki-sky.a(watchdog.o)
 .bss           0x00001504        0x4 contiki-sky.a(ctimer.o)
 .bss           0x00001508        0x6 contiki-sky.a(etimer.o)
 .bss           0x0000150e       0x42 contiki-sky.a(process.o)
                0x0000150e                process_current
                0x00001510                process_list
 .bss           0x00001550        0x2 contiki-sky.a(rtimer.o)
 .bss           0x00001552      0x124 contiki-sky.a(sicslowpan.o)
 .bss           0x00001676        0xe contiki-sky.a(uip6.o)
                0x00001676                uip_ext_opt_offset
                0x00001677                uip_ext_len
                0x00001678                uip_ext_bitmap
 .bss           0x00001684       0x18 contiki-sky.a(uip-ds6.o)
 .bss           0x0000169c      0x2d0 contiki-sky.a(uip-ds6-nbr.o)
 .bss           0x0000196c      0x362 contiki-sky.a(uip-ds6-route.o)
 .bss           0x00001cce       0x14 contiki-sky.a(uip-icmp6.o)
 .bss           0x00001ce2       0xc4 contiki-sky.a(csma.o)
 .bss           0x00001da6        0x2 contiki-sky.a(framer-802154.o)
 .bss           0x00001da8      0x118 contiki-sky.a(nbr-table.o)
 .bss           0x00001ec0       0xba contiki-sky.a(packetbuf.o)
 .bss           0x00001f7a      0x71e contiki-sky.a(queuebuf.o)
 .bss           0x00002698       0xf1 contiki-sky.a(simple-udp.o)
 *fill*         0x00002789        0x1 00
 .bss           0x0000278a       0x36 contiki-sky.a(tcpip.o)
 .bss           0x000027c0        0x2 contiki-sky.a(rpl.o)
 .bss           0x000027c2       0xc8 contiki-sky.a(rpl-dag.o)
 .bss           0x0000288a       0x18 contiki-sky.a(rpl-timers.o)
 .bss           0x000028a2       0x34 contiki-sky.a(contikimac.o)
 .bss           0x000028d6        0x8 contiki-sky.a(compower.o)
 .bss           0x000028de       0xa0 contiki-sky.a(mac-sequence.o)
 .bss           0x0000297e      0x1d8 contiki-sky.a(phase.o)
 .bss.destination_
                0x00002b56        0x2 /usr/local/msp430/bin/../lib/gcc/msp430/4.7.0/../../../../msp430/lib/mmpy-16/libc.a(sprintf.o)
 .bss.available_
                0x00002b58        0x2 /usr/local/msp430/bin/../lib/gcc/msp430/4.7.0/../../../../msp430/lib/mmpy-16/libc.a(sprintf.o)
 *(.near.bss .near.bss.*)
 *(COMMON)
 COMMON         0x00002b5a        0x2 contiki-sky.a(contiki-sky-pla)
                0x00002b5a                sensors_flags
 COMMON         0x00002b5c        0x8 contiki-sky.a(ds2411.o)
                0x00002b5c                ds2411_id
 COMMON         0x00002b64        0x1 contiki-sky.a(sensors.o)
                0x00002b64                sensors_event
 *fill*         0x00002b65        0x1 00
 COMMON         0x00002b66       0x14 contiki-sky.a(cc2420.o)
                0x00002b66                cc2420_last_rssi
                0x00002b68                cc2420_packets_read
                0x00002b6a                cc2420_packets_seen
                0x00002b6c                cc2420_sfd_start_time
                0x00002b6e                cc2420_time_of_departure
                0x00002b70                cc2420_time_of_arrival
                0x00002b72                cc2420_last_correlation
                0x00002b74                cc2420_authority_level_of_sender
                0x00002b76                cc2420_sfd_counter
                0x00002b78                cc2420_sfd_end_time
 COMMON         0x00002b7a        0x2 contiki-sky.a(msp430.o)
                0x00002b7a                msp430_dco_required
 COMMON         0x00002b7c       0x56 contiki-sky.a(energest.o)
                0x00002b7c                energest_total_time
                0x00002bac                energest_total_count
                0x00002bae                energest_current_mode
                0x00002bba                energest_current_time
 COMMON         0x00002bd2        0x1 contiki-sky.a(process.o)
                0x00002bd2                process_maxevents
 *fill*         0x00002bd3        0x1 00
 COMMON         0x00002bd4        0x8 contiki-sky.a(sicslowpan.o)
                0x00002bd4                frag_sender
 COMMON         0x00002bdc      0x304 contiki-sky.a(uip6.o)
                0x00002bdc                uip_len
                0x00002bde                uip_sappdata
                0x00002be0                uip_acc32
                0x00002be4                uip_lladdr
                0x00002bec                uip_aligned_buf
                0x00002cdc                uip_flags
                0x00002cde                uip_next_hdr
                0x00002ce0                uip_udp_conn
                0x00002ce2                uip_appdata
                0x00002ce4                uip_conn
                0x00002ce6                uip_conns
                0x00002d96                uip_listenports
                0x00002da6                uip_slen
                0x00002da8                uip_udp_conns
 COMMON         0x00002ee0      0x15c contiki-sky.a(uip-ds6.o)
                0x00002ee0                uip_ds6_timer_ra
                0x00002ee8                uip_ds6_if
                0x00002fd4                uip_ds6_netif_addr_list_offset
                0x00002fd5                uip_ds6_addr_size
                0x00002fd6                uip_ds6_prefix_list
                0x00003030                uip_ds6_timer_periodic
 COMMON         0x0000303c        0x8 contiki-sky.a(linkaddr.o)
                0x0000303c                linkaddr_node_addr
 COMMON         0x00003044       0x50 contiki-sky.a(packetbuf.o)
                0x00003044                packetbuf_addrs
                0x00003064                packetbuf_attrs
 COMMON         0x00003094        0x1 contiki-sky.a(tcpip.o)
                0x00003094                tcpip_event
 *fill*         0x00003095        0x1 00
 COMMON         0x00003096       0xca contiki-sky.a(rpl-dag.o)
                0x00003096                default_instance
                0x00003098                instance_table
 COMMON         0x00003160        0x8 contiki-sky.a(compower.o)
                0x00003160                compower_idle_activity
                0x00003168                . = ALIGN (0x2)
                0x00003168                __bss_end = .
                0x00001f58                __bss_size = SIZEOF (.bss)

.noinit         0x00003168        0x2 load address 0x0000ef46
                0x00003168                . = ALIGN (0x2)
                0x00003168                __noinit_start = .
 *(.noinit .noinit.*)
 .noinit.crt0   0x00003168        0x2 /usr/local/msp430/bin/../lib/gcc/msp430/4.7.0/mmpy-16/libcrt0.a(__watchdog_support.o)
                0x00003168                __wdt_clear_value
                0x0000316a                . = ALIGN (0x2)
                0x0000316a                __noinit_end = .
                0x0000316a                . = ALIGN (0x2)
                0x0000316a                _end = .

.infomem        0x00001000        0x0
                0x00001000                . = ALIGN (0x2)
 *(.infomem .infomem.*)

.infomemnobits  0x00001000        0x0
                0x00001000                . = ALIGN (0x2)
 *(.infomemnobits .infomemnobits.*)

.infoa          0x00001080        0x0
                0x00001080                . = ALIGN (0x2)
 *(.infoa .infoa.*)

.infob          0x00001000        0x0
                0x00001000                . = ALIGN (0x2)
 *(.infob .infob.*)

.infoc          0x00000000        0x0
                0x00000000                . = ALIGN (0x2)
 *(.infoc .infoc.*)

.infod          0x00000000        0x0
                0x00000000                . = ALIGN (0x2)
 *(.infod .infod.*)

.vectors        0x0000ffe0       0x20
                0x0000ffe0                __vectors_start = .
 *(.vectors*)
 .vectors       0x0000ffe0       0x20 /usr/local/msp430/bin/../lib/gcc/msp430/4.7.0/mmpy-16/crt0ivtbl16.o
                0x0000ffe0                __ivtbl_16
                0x00010000                _vectors_end = .

.fartext        0x00000000        0x0
                0x00000000                . = ALIGN (0x2)
 *(.fartext .fartext.*)

.far.text       0x00000000        0x0
                0x00000000                . = ALIGN (0x2)
 *(.far.text .far.text.*)

.far.rodata     0x00000000        0x0
                0x00000000                . = ALIGN (0x2)
 *(.far.rodata .far.rodata.*)
                0x00000000                . = ALIGN (0x2)
                0x00000000                _efartext = .

.far.data       0x00000000        0x0
                0x00000000                . = ALIGN (0x2)
                0x00000000                __far_data_start = .
 *(.far.data .far.data.*)
                0x00000000                . = ALIGN (0x2)
                0x00000000                _efardata = .
                0x00000000                __far_data_load_start = LOADADDR (.far.data)
                0x00000000                __far_data_size = SIZEOF (.far.data)

.far.bss        0x00000000        0x0
                0x00000000                . = ALIGN (0x2)
                0x00000000                __far_bss_start = .
 *(.far.bss .far.bss.*)
                0x00000000                . = ALIGN (0x2)
                0x00000000                __far_bss_end = .
                0x00000000                __far_bss_size = SIZEOF (.far.bss)
                0x00000000                . = ALIGN (0x2)
                0x00000000                _far_end = .

.profiler
 *(.profiler)

.stab
 *(.stab)

.stabstr
 *(.stabstr)

.stab.excl
 *(.stab.excl)

.stab.exclstr
 *(.stab.exclstr)

.stab.index
 *(.stab.index)

.stab.indexstr
 *(.stab.indexstr)

.comment        0x00000000       0x30
 *(.comment)
 .comment       0x00000000       0x30 unicast-sender.co
                                 0x31 (size before relaxing)
 .comment       0x00000000       0x31 obj_sky/contiki-sky-main.o
 .comment       0x00000000       0x31 contiki-sky.a(servreg-hack.o)
 .comment       0x00000000       0x31 contiki-sky.a(contiki-sky-pla)
 .comment       0x00000000       0x31 contiki-sky.a(button-sensor.o)
 .comment       0x00000000       0x31 contiki-sky.a(ds2411.o)
 .comment       0x00000000       0x31 contiki-sky.a(xmem.o)
 .comment       0x00000000       0x31 contiki-sky.a(node-id.o)
 .comment       0x00000000       0x31 contiki-sky.a(sensors.o)
 .comment       0x00000000       0x31 contiki-sky.a(cc2420.o)
 .comment       0x00000000       0x31 contiki-sky.a(cc2420-arch.o)
 .comment       0x00000000       0x31 contiki-sky.a(uart1.o)
 .comment       0x00000000       0x31 contiki-sky.a(uart1-putchar.o)
 .comment       0x00000000       0x31 contiki-sky.a(msp430.o)
 .comment       0x00000000       0x31 contiki-sky.a(clock.o)
 .comment       0x00000000       0x31 contiki-sky.a(leds.o)
 .comment       0x00000000       0x31 contiki-sky.a(leds-arch.o)
 .comment       0x00000000       0x31 contiki-sky.a(watchdog.o)
 .comment       0x00000000       0x31 contiki-sky.a(rtimer-arch.o)
 .comment       0x00000000       0x31 contiki-sky.a(autostart.o)
 .comment       0x00000000       0x31 contiki-sky.a(ctimer.o)
 .comment       0x00000000       0x31 contiki-sky.a(energest.o)
 .comment       0x00000000       0x31 contiki-sky.a(etimer.o)
 .comment       0x00000000       0x31 contiki-sky.a(process.o)
 .comment       0x00000000       0x31 contiki-sky.a(rtimer.o)
 .comment       0x00000000       0x31 contiki-sky.a(timer.o)
 .comment       0x00000000       0x31 contiki-sky.a(list.o)
 .comment       0x00000000       0x31 contiki-sky.a(memb.o)
 .comment       0x00000000       0x31 contiki-sky.a(random.o)
 .comment       0x00000000       0x31 contiki-sky.a(sicslowpan.o)
 .comment       0x00000000       0x31 contiki-sky.a(uip6.o)
 .comment       0x00000000       0x31 contiki-sky.a(uip-ds6.o)
 .comment       0x00000000       0x31 contiki-sky.a(uip-ds6-nbr.o)
 .comment       0x00000000       0x31 contiki-sky.a(uip-ds6-route.o)
 .comment       0x00000000       0x31 contiki-sky.a(uip-icmp6.o)
 .comment       0x00000000       0x31 contiki-sky.a(uip-nd6.o)
 .comment       0x00000000       0x31 contiki-sky.a(csma.o)
 .comment       0x00000000       0x31 contiki-sky.a(framer-802154.o)
 .comment       0x00000000       0x31 contiki-sky.a(mac.o)
 .comment       0x00000000       0x31 contiki-sky.a(linkaddr.o)
 .comment       0x00000000       0x31 contiki-sky.a(nbr-table.o)
 .comment       0x00000000       0x31 contiki-sky.a(packetbuf.o)
 .comment       0x00000000       0x31 contiki-sky.a(queuebuf.o)
 .comment       0x00000000       0x31 contiki-sky.a(simple-udp.o)
 .comment       0x00000000       0x31 contiki-sky.a(tcpip.o)
 .comment       0x00000000       0x31 contiki-sky.a(uip-debug.o)
 .comment       0x00000000       0x31 contiki-sky.a(uip-udp-packet.)
 .comment       0x00000000       0x31 contiki-sky.a(rpl.o)
 .comment       0x00000000       0x31 contiki-sky.a(rpl-dag.o)
 .comment       0x00000000       0x31 contiki-sky.a(rpl-ext-header.)
 .comment       0x00000000       0x31 contiki-sky.a(rpl-icmp6.o)
 .comment       0x00000000       0x31 contiki-sky.a(rpl-mrhof.o)
 .comment       0x00000000       0x31 contiki-sky.a(rpl-timers.o)
 .comment       0x00000000       0x31 contiki-sky.a(contikimac.o)
 .comment       0x00000000       0x31 contiki-sky.a(spi.o)
 .comment       0x00000000       0x31 contiki-sky.a(compower.o)
 .comment       0x00000000       0x31 contiki-sky.a(stimer.o)
 .comment       0x00000000       0x31 contiki-sky.a(frame802154.o)
 .comment       0x00000000       0x31 contiki-sky.a(mac-sequence.o)
 .comment       0x00000000       0x31 contiki-sky.a(phase.o)
 .comment       0x00000000       0x31 /usr/local/msp430/bin/../lib/gcc/msp430/4.7.0/../../../../msp430/lib/mmpy-16/libc.a(printf.o)
 .comment       0x00000000       0x31 /usr/local/msp430/bin/../lib/gcc/msp430/4.7.0/../../../../msp430/lib/mmpy-16/libc.a(sprintf.o)
 .comment       0x00000000       0x31 /usr/local/msp430/bin/../lib/gcc/msp430/4.7.0/../../../../msp430/lib/mmpy-16/libc.a(vuprintf.o)
 .comment       0x00000000       0x31 /usr/local/msp430/bin/../lib/gcc/msp430/4.7.0/../../../../msp430/lib/mmpy-16/libc.a(puts.o)
 .comment       0x00000000       0x31 /usr/local/msp430/bin/../lib/gcc/msp430/4.7.0/../../../../msp430/lib/mmpy-16/libc.a(rand.o)
 .comment       0x00000000       0x31 /usr/local/msp430/bin/../lib/gcc/msp430/4.7.0/../../../../msp430/lib/mmpy-16/libc.a(memcmp.o)
 .comment       0x00000000       0x31 /usr/local/msp430/bin/../lib/gcc/msp430/4.7.0/../../../../msp430/lib/mmpy-16/libc.a(memcpy.o)
 .comment       0x00000000       0x31 /usr/local/msp430/bin/../lib/gcc/msp430/4.7.0/../../../../msp430/lib/mmpy-16/libc.a(memmove.o)
 .comment       0x00000000       0x31 /usr/local/msp430/bin/../lib/gcc/msp430/4.7.0/../../../../msp430/lib/mmpy-16/libc.a(memset.o)

.debug
 *(.debug)

.line
 *(.line)

.debug_srcinfo
 *(.debug_srcinfo)

.debug_sfnames
 *(.debug_sfnames)

.debug_aranges  0x00000000      0x1c8
 *(.debug_aranges)
 .debug_aranges
                0x00000000       0x14 /usr/local/msp430/bin/../lib/gcc/msp430/4.7.0/mmpy-16/crt0ivtbl16.o
 .debug_aranges
                0x00000014       0x14 /usr/local/msp430/bin/../lib/gcc/msp430/4.7.0/mmpy-16/libgcc.a(_mulsi3.o)
 .debug_aranges
                0x00000028       0x14 /usr/local/msp430/bin/../lib/gcc/msp430/4.7.0/mmpy-16/libgcc.a(_udivmod16.o)
 .debug_aranges
                0x0000003c       0x14 /usr/local/msp430/bin/../lib/gcc/msp430/4.7.0/mmpy-16/libgcc.a(_divmod16.o)
 .debug_aranges
                0x00000050       0x14 /usr/local/msp430/bin/../lib/gcc/msp430/4.7.0/mmpy-16/libgcc.a(_udivmod32.o)
 .debug_aranges
                0x00000064       0x18 /usr/local/msp430/bin/../lib/gcc/msp430/4.7.0/../../../../msp430/lib/mmpy-16/libc.a(printf.o)
 .debug_aranges
                0x0000007c       0x28 /usr/local/msp430/bin/../lib/gcc/msp430/4.7.0/../../../../msp430/lib/mmpy-16/libc.a(sprintf.o)
 .debug_aranges
                0x000000a4       0x18 /usr/local/msp430/bin/../lib/gcc/msp430/4.7.0/../../../../msp430/lib/mmpy-16/libc.a(vuprintf.o)
 .debug_aranges
                0x000000bc       0x14 /usr/local/msp430/bin/../lib/gcc/msp430/4.7.0/../../../../msp430/lib/mmpy-16/libc.a(puts.o)
 .debug_aranges
                0x000000d0       0x1c /usr/local/msp430/bin/../lib/gcc/msp430/4.7.0/../../../../msp430/lib/mmpy-16/libc.a(rand.o)
 .debug_aranges
                0x000000ec       0x14 /usr/local/msp430/bin/../lib/gcc/msp430/4.7.0/../../../../msp430/lib/mmpy-16/libc.a(memcmp.o)
 .debug_aranges
                0x00000100       0x14 /usr/local/msp430/bin/../lib/gcc/msp430/4.7.0/../../../../msp430/lib/mmpy-16/libc.a(memcpy.o)
 .debug_aranges
                0x00000114       0x14 /usr/local/msp430/bin/../lib/gcc/msp430/4.7.0/../../../../msp430/lib/mmpy-16/libc.a(memmove.o)
 .debug_aranges
                0x00000128       0x14 /usr/local/msp430/bin/../lib/gcc/msp430/4.7.0/../../../../msp430/lib/mmpy-16/libc.a(memset.o)
 .debug_aranges
                0x0000013c       0x14 /usr/local/msp430/bin/../lib/gcc/msp430/4.7.0/mmpy-16/libgcc.a(_udivmod64.o)
 .debug_aranges
                0x00000150       0x14 /usr/local/msp430/bin/../lib/gcc/msp430/4.7.0/mmpy-16/libcrt0.a(__watchdog_support.o)
 .debug_aranges
                0x00000164       0x14 /usr/local/msp430/bin/../lib/gcc/msp430/4.7.0/mmpy-16/libcrt0.a(__init_stack.o)
 .debug_aranges
                0x00000178       0x14 /usr/local/msp430/bin/../lib/gcc/msp430/4.7.0/mmpy-16/libcrt0.a(_copy_data.o)
 .debug_aranges
                0x0000018c       0x14 /usr/local/msp430/bin/../lib/gcc/msp430/4.7.0/mmpy-16/libcrt0.a(_clear_bss.o)
 .debug_aranges
                0x000001a0       0x14 /usr/local/msp430/bin/../lib/gcc/msp430/4.7.0/mmpy-16/libcrt0.a(_endless_loop__.o)
 .debug_aranges
                0x000001b4       0x14 /usr/local/msp430/bin/../lib/gcc/msp430/4.7.0/mmpy-16/libcrt0.a(_unexpected_.o)

.debug_pubnames
 *(.debug_pubnames)

.debug_info     0x00000000     0x17db
 *(.debug_info)
 .debug_info    0x00000000       0x9b /usr/local/msp430/bin/../lib/gcc/msp430/4.7.0/mmpy-16/crt0ivtbl16.o
 .debug_info    0x0000009b       0x98 /usr/local/msp430/bin/../lib/gcc/msp430/4.7.0/mmpy-16/libgcc.a(_mulsi3.o)
 .debug_info    0x00000133       0x98 /usr/local/msp430/bin/../lib/gcc/msp430/4.7.0/mmpy-16/libgcc.a(_udivmod16.o)
 .debug_info    0x000001cb       0x98 /usr/local/msp430/bin/../lib/gcc/msp430/4.7.0/mmpy-16/libgcc.a(_divmod16.o)
 .debug_info    0x00000263       0x98 /usr/local/msp430/bin/../lib/gcc/msp430/4.7.0/mmpy-16/libgcc.a(_udivmod32.o)
 .debug_info    0x000002fb      0x16e /usr/local/msp430/bin/../lib/gcc/msp430/4.7.0/../../../../msp430/lib/mmpy-16/libc.a(printf.o)
 .debug_info    0x00000469      0x321 /usr/local/msp430/bin/../lib/gcc/msp430/4.7.0/../../../../msp430/lib/mmpy-16/libc.a(sprintf.o)
 .debug_info    0x0000078a      0x5d4 /usr/local/msp430/bin/../lib/gcc/msp430/4.7.0/../../../../msp430/lib/mmpy-16/libc.a(vuprintf.o)
 .debug_info    0x00000d5e       0xc7 /usr/local/msp430/bin/../lib/gcc/msp430/4.7.0/../../../../msp430/lib/mmpy-16/libc.a(puts.o)
 .debug_info    0x00000e25      0x146 /usr/local/msp430/bin/../lib/gcc/msp430/4.7.0/../../../../msp430/lib/mmpy-16/libc.a(rand.o)
 .debug_info    0x00000f6b       0xe5 /usr/local/msp430/bin/../lib/gcc/msp430/4.7.0/../../../../msp430/lib/mmpy-16/libc.a(memcmp.o)
 .debug_info    0x00001050      0x12c /usr/local/msp430/bin/../lib/gcc/msp430/4.7.0/../../../../msp430/lib/mmpy-16/libc.a(memcpy.o)
 .debug_info    0x0000117c      0x12c /usr/local/msp430/bin/../lib/gcc/msp430/4.7.0/../../../../msp430/lib/mmpy-16/libc.a(memmove.o)
 .debug_info    0x000012a8      0x117 /usr/local/msp430/bin/../lib/gcc/msp430/4.7.0/../../../../msp430/lib/mmpy-16/libc.a(memset.o)
 .debug_info    0x000013bf       0x98 /usr/local/msp430/bin/../lib/gcc/msp430/4.7.0/mmpy-16/libgcc.a(_udivmod64.o)
 .debug_info    0x00001457       0x96 /usr/local/msp430/bin/../lib/gcc/msp430/4.7.0/mmpy-16/libcrt0.a(__watchdog_support.o)
 .debug_info    0x000014ed       0x96 /usr/local/msp430/bin/../lib/gcc/msp430/4.7.0/mmpy-16/libcrt0.a(__init_stack.o)
 .debug_info    0x00001583       0x96 /usr/local/msp430/bin/../lib/gcc/msp430/4.7.0/mmpy-16/libcrt0.a(_copy_data.o)
 .debug_info    0x00001619       0x96 /usr/local/msp430/bin/../lib/gcc/msp430/4.7.0/mmpy-16/libcrt0.a(_clear_bss.o)
 .debug_info    0x000016af       0x96 /usr/local/msp430/bin/../lib/gcc/msp430/4.7.0/mmpy-16/libcrt0.a(_endless_loop__.o)
 .debug_info    0x00001745       0x96 /usr/local/msp430/bin/../lib/gcc/msp430/4.7.0/mmpy-16/libcrt0.a(_unexpected_.o)
 *(.gnu.linkonce.wi.*)

.debug_abbrev   0x00000000      0x9a7
 *(.debug_abbrev)
 .debug_abbrev  0x00000000       0x14 /usr/local/msp430/bin/../lib/gcc/msp430/4.7.0/mmpy-16/crt0ivtbl16.o